#! /opt/homebrew/Cellar/icarus-verilog/13.0/bin/vvp
:ivl_version "13.0 (stable)" "(v13_0)";
:ivl_delay_selection "TYPICAL";
:vpi_time_precision - 12;
:vpi_module "/opt/homebrew/Cellar/icarus-verilog/13.0/lib/ivl/system.vpi";
:vpi_module "/opt/homebrew/Cellar/icarus-verilog/13.0/lib/ivl/vhdl_sys.vpi";
:vpi_module "/opt/homebrew/Cellar/icarus-verilog/13.0/lib/ivl/vhdl_textio.vpi";
:vpi_module "/opt/homebrew/Cellar/icarus-verilog/13.0/lib/ivl/v2005_math.vpi";
:vpi_module "/opt/homebrew/Cellar/icarus-verilog/13.0/lib/ivl/va_math.vpi";
:vpi_module "/opt/homebrew/Cellar/icarus-verilog/13.0/lib/ivl/v2009.vpi";
S_0x103747070 .scope package, "$unit" "$unit" 2 1;
 .timescale 0 0;
S_0x1037471f0 .scope module, "cpu_pipeline" "cpu_pipeline" 3 3;
 .timescale -9 -12;
    .port_info 0 /INPUT 1 "clk";
    .port_info 1 /INPUT 1 "reset";
L_0xa61454010 .functor BUFT 1, C4<00000000000000000000000000000100>, C4<0>, C4<0>, C4<0>;
v0xa61024320_0 .net/2u *"_ivl_0", 31 0, L_0xa61454010;  1 drivers
o0xa61420010 .functor BUFZ 1, c4<z>; HiZ drive
v0xa610243c0_0 .net "clk", 0 0, o0xa61420010;  0 drivers
v0xa61024460_0 .net "if_id_instruction", 31 0, v0x103748400_0;  1 drivers
v0xa61024500_0 .net "if_id_pc", 31 0, v0x103749370_0;  1 drivers
v0xa610245a0_0 .net "instruction", 31 0, L_0x10374d400;  1 drivers
v0xa61024640_0 .net "next_pc", 31 0, L_0x10374e1c0;  1 drivers
v0xa610246e0_0 .net "pc", 31 0, v0xa610241e0_0;  1 drivers
o0xa61420100 .functor BUFZ 1, c4<z>; HiZ drive
v0xa61024780_0 .net "reset", 0 0, o0xa61420100;  0 drivers
L_0x10374e1c0 .arith/sum 32, v0xa610241e0_0, L_0xa61454010;
S_0x1037481e0 .scope module, "IF_ID" "if_id_register" 3 35, 4 3 0, S_0x1037471f0;
 .timescale -9 -12;
    .port_info 0 /INPUT 1 "clk";
    .port_info 1 /INPUT 1 "reset";
    .port_info 2 /INPUT 32 "pc_in";
    .port_info 3 /INPUT 32 "instruction_in";
    .port_info 4 /OUTPUT 32 "pc_out";
    .port_info 5 /OUTPUT 32 "instruction_out";
v0x10374d360_0 .net "clk", 0 0, o0xa61420010;  alias, 0 drivers
v0x103748360_0 .net "instruction_in", 31 0, L_0x10374d400;  alias, 1 drivers
v0x103748400_0 .var "instruction_out", 31 0;
v0x1037492d0_0 .net "pc_in", 31 0, v0xa610241e0_0;  alias, 1 drivers
v0x103749370_0 .var "pc_out", 31 0;
v0x103749410_0 .net "reset", 0 0, o0xa61420100;  alias, 0 drivers
E_0x10374c680 .event posedge, v0x103749410_0, v0x10374d360_0;
S_0x103744980 .scope module, "IM" "instruction_memory" 3 30, 5 3 0, S_0x1037471f0;
 .timescale -9 -12;
    .port_info 0 /INPUT 32 "pc";
    .port_info 1 /OUTPUT 32 "instruction";
L_0x10374d400 .functor BUFZ 32, L_0xa61024820, C4<00000000000000000000000000000000>, C4<00000000000000000000000000000000>, C4<00000000000000000000000000000000>;
v0x1037494b0_0 .net *"_ivl_0", 31 0, L_0xa61024820;  1 drivers
v0x103749550_0 .net *"_ivl_3", 29 0, L_0x10374e260;  1 drivers
v0x103744b00_0 .net "instruction", 31 0, L_0x10374d400;  alias, 1 drivers
v0x103744ba0 .array "memory", 255 0, 31 0;
v0xa61024000_0 .net "pc", 31 0, v0xa610241e0_0;  alias, 1 drivers
L_0xa61024820 .array/port v0x103744ba0, L_0x10374e260;
L_0x10374e260 .part v0xa610241e0_0, 2, 30;
S_0x10374e040 .scope module, "PC" "program_counter" 3 23, 6 3 0, S_0x1037471f0;
 .timescale -9 -12;
    .port_info 0 /INPUT 1 "clk";
    .port_info 1 /INPUT 1 "reset";
    .port_info 2 /INPUT 32 "next_pc";
    .port_info 3 /OUTPUT 32 "pc";
v0xa610240a0_0 .net "clk", 0 0, o0xa61420010;  alias, 0 drivers
v0xa61024140_0 .net "next_pc", 31 0, L_0x10374e1c0;  alias, 1 drivers
v0xa610241e0_0 .var "pc", 31 0;
v0xa61024280_0 .net "reset", 0 0, o0xa61420100;  alias, 0 drivers
    .scope S_0x10374e040;
T_0 ;
    %wait E_0x10374c680;
    %load/vec4 v0xa61024280_0;
    %flag_set/vec4 8;
    %jmp/0xz  T_0.0, 8;
    %pushi/vec4 0, 0, 32;
    %assign/vec4 v0xa610241e0_0, 0;
    %jmp T_0.1;
T_0.0 ;
    %load/vec4 v0xa61024140_0;
    %assign/vec4 v0xa610241e0_0, 0;
T_0.1 ;
    %jmp T_0;
    .thread T_0;
    .scope S_0x103744980;
T_1 ;
    %pushi/vec4 8388847, 0, 32;
    %ix/load 4, 0, 0;
    %flag_set/imm 4, 0;
    %store/vec4a v0x103744ba0, 4, 0;
    %pushi/vec4 1048851, 0, 32;
    %ix/load 4, 1, 0;
    %flag_set/imm 4, 0;
    %store/vec4a v0x103744ba0, 4, 0;
    %pushi/vec4 103809427, 0, 32;
    %ix/load 4, 2, 0;
    %flag_set/imm 4, 0;
    %store/vec4a v0x103744ba0, 4, 0;
    %end;
    .thread T_1;
    .scope S_0x1037481e0;
T_2 ;
    %wait E_0x10374c680;
    %load/vec4 v0x103749410_0;
    %flag_set/vec4 8;
    %jmp/0xz  T_2.0, 8;
    %pushi/vec4 0, 0, 32;
    %assign/vec4 v0x103749370_0, 0;
    %pushi/vec4 0, 0, 32;
    %assign/vec4 v0x103748400_0, 0;
    %jmp T_2.1;
T_2.0 ;
    %load/vec4 v0x1037492d0_0;
    %assign/vec4 v0x103749370_0, 0;
    %load/vec4 v0x103748360_0;
    %assign/vec4 v0x103748400_0, 0;
T_2.1 ;
    %jmp T_2;
    .thread T_2;
# The file index is used to find the file name in the following table.
:file_names 7;
    "N/A";
    "<interactive>";
    "-";
    "rtl/cpu_pipeline.v";
    "rtl/if_id_register.v";
    "rtl/instruction_memory.v";
    "rtl/program_counter.v";
