#! /opt/homebrew/Cellar/icarus-verilog/13.0/bin/vvp
:ivl_version "13.0 (stable)" "(v13_0)";
:ivl_delay_selection "TYPICAL";
:vpi_time_precision - 12;
:vpi_module "/opt/homebrew/Cellar/icarus-verilog/13.0/lib/ivl/system.vpi";
:vpi_module "/opt/homebrew/Cellar/icarus-verilog/13.0/lib/ivl/vhdl_sys.vpi";
:vpi_module "/opt/homebrew/Cellar/icarus-verilog/13.0/lib/ivl/vhdl_textio.vpi";
:vpi_module "/opt/homebrew/Cellar/icarus-verilog/13.0/lib/ivl/v2005_math.vpi";
:vpi_module "/opt/homebrew/Cellar/icarus-verilog/13.0/lib/ivl/va_math.vpi";
:vpi_module "/opt/homebrew/Cellar/icarus-verilog/13.0/lib/ivl/v2009.vpi";
S_0x1033ed1d0 .scope package, "$unit" "$unit" 2 1;
 .timescale 0 0;
S_0x1033ef6e0 .scope module, "cpu_pipeline_tb" "cpu_pipeline_tb" 3 3;
 .timescale -9 -12;
v0xa1b0e5f40_0 .var "clk", 0 0;
v0xa1b0e5fe0_0 .var "reset", 0 0;
S_0x1033ed640 .scope module, "uut" "cpu_pipeline" 3 8, 4 3 0, S_0x1033ef6e0;
 .timescale -9 -12;
    .port_info 0 /INPUT 1 "clk";
    .port_info 1 /INPUT 1 "reset";
L_0x1033ef860 .functor NOT 1, v0xa1b0d8a00_0, C4<0>, C4<0>, C4<0>;
L_0x1033e6a00 .functor OR 1, L_0x1033ee6b0, v0xa1b0d8a00_0, C4<0>, C4<0>;
L_0x1033ea070 .functor AND 1, v0xa1b0db8e0_0, L_0xa1b0e6f80, C4<1>, C4<1>;
L_0x1033ee6b0 .functor OR 1, L_0x1033ea070, v0xa1b0dba20_0, C4<0>, C4<0>;
L_0xa1b478010 .functor BUFT 1, C4<00000000000000000000000000000100>, C4<0>, C4<0>, C4<0>;
v0xa1b0deee0_0 .net/2u *"_ivl_0", 31 0, L_0xa1b478010;  1 drivers
v0xa1b0def80_0 .net *"_ivl_15", 0 0, L_0x1033ea070;  1 drivers
v0xa1b0df020_0 .net "clk", 0 0, v0xa1b0e5f40_0;  1 drivers
v0xa1b0df0c0_0 .net "ex_alu_result", 31 0, v0xa1b03cf00_0;  1 drivers
v0xa1b0df160_0 .net "ex_branch_taken", 0 0, L_0xa1b0e6f80;  1 drivers
v0xa1b0df200_0 .net "ex_branch_target", 31 0, L_0xa1b0acc80;  1 drivers
v0xa1b0df2a0_0 .net "ex_mem_Branch", 0 0, v0xa1b03f2a0_0;  1 drivers
v0xa1b0df340_0 .net "ex_mem_Jump", 0 0, v0xa1b03f3e0_0;  1 drivers
v0xa1b0df3e0_0 .net "ex_mem_MemRead", 0 0, v0xa1b03f520_0;  1 drivers
v0xa1b0df480_0 .net "ex_mem_MemWrite", 0 0, v0xa1b03f660_0;  1 drivers
v0xa1b0df520_0 .net "ex_mem_MemtoReg", 0 0, v0xa1b03f7a0_0;  1 drivers
v0xa1b0df5c0_0 .net "ex_mem_RegWrite", 0 0, v0xa1b03f8e0_0;  1 drivers
v0xa1b0df660_0 .net "ex_mem_alu_result", 31 0, v0xa1b03fa20_0;  1 drivers
v0xa1b0df700_0 .net "ex_mem_branch_taken", 0 0, v0xa1b03fb60_0;  1 drivers
v0xa1b0df7a0_0 .net "ex_mem_branch_target", 31 0, v0xa1b03fca0_0;  1 drivers
v0xa1b0df840_0 .net "ex_mem_pc_plus4", 31 0, v0xa1b03fe80_0;  1 drivers
v0xa1b0df8e0_0 .net "ex_mem_rd", 4 0, v0xa1b0d8000_0;  1 drivers
v0xa1b0df980_0 .net "ex_mem_write_data", 31 0, v0xa1b0d81e0_0;  1 drivers
v0xa1b0dfa20_0 .net "ex_pc_plus4", 31 0, L_0xa1b0acd20;  1 drivers
v0xa1b0dfac0_0 .net "ex_store_data", 31 0, L_0xa1ac49dc0;  1 drivers
v0xa1b0dfb60_0 .net "ex_zero", 0 0, L_0xa1b0e6ee0;  1 drivers
v0xa1b0dfc00_0 .net "forwardA", 1 0, v0xa1b0d83c0_0;  1 drivers
v0xa1b0dfca0_0 .net "forwardB", 1 0, v0xa1b0d8460_0;  1 drivers
v0xa1b0dfd40_0 .net "hazard_stall", 0 0, v0xa1b0d8a00_0;  1 drivers
v0xa1b0dfde0_0 .net "id_ALUOp", 1 0, v0xa1b0d8aa0_0;  1 drivers
v0xa1b0dfe80_0 .net "id_ALUSrc", 0 0, v0xa1b0d8b40_0;  1 drivers
v0xa1b0dff20_0 .net "id_Branch", 0 0, v0xa1b0d8be0_0;  1 drivers
v0xa1b0e4000_0 .net "id_Jump", 0 0, v0xa1b0d8c80_0;  1 drivers
v0xa1b0e40a0_0 .net "id_MemRead", 0 0, v0xa1b0d8d20_0;  1 drivers
v0xa1b0e4140_0 .net "id_MemWrite", 0 0, v0xa1b0d8dc0_0;  1 drivers
v0xa1b0e41e0_0 .net "id_MemtoReg", 0 0, v0xa1b0d8e60_0;  1 drivers
v0xa1b0e4280_0 .net "id_RegWrite", 0 0, v0xa1b0d8f00_0;  1 drivers
v0xa1b0e4320_0 .net "id_ex_ALUOp", 1 0, v0xa1b0db660_0;  1 drivers
v0xa1b0e43c0_0 .net "id_ex_ALUSrc", 0 0, v0xa1b0db7a0_0;  1 drivers
v0xa1b0e4460_0 .net "id_ex_Branch", 0 0, v0xa1b0db8e0_0;  1 drivers
v0xa1b0e4500_0 .net "id_ex_Jump", 0 0, v0xa1b0dba20_0;  1 drivers
v0xa1b0e45a0_0 .net "id_ex_MemRead", 0 0, v0xa1b0dbb60_0;  1 drivers
v0xa1b0e4640_0 .net "id_ex_MemWrite", 0 0, v0xa1b0dbca0_0;  1 drivers
v0xa1b0e46e0_0 .net "id_ex_MemtoReg", 0 0, v0xa1b0dbde0_0;  1 drivers
v0xa1b0e4780_0 .net "id_ex_RegWrite", 0 0, v0xa1b0dbf20_0;  1 drivers
v0xa1b0e4820_0 .net "id_ex_funct3", 2 0, v0xa1b0dc1e0_0;  1 drivers
v0xa1b0e48c0_0 .net "id_ex_funct7", 6 0, v0xa1b0dc320_0;  1 drivers
v0xa1b0e4960_0 .net "id_ex_immediate", 31 0, v0xa1b0dc460_0;  1 drivers
v0xa1b0e4a00_0 .net "id_ex_pc", 31 0, v0xa1b0dc5a0_0;  1 drivers
v0xa1b0e4aa0_0 .net "id_ex_rd", 4 0, v0xa1b0dc6e0_0;  1 drivers
v0xa1b0e4b40_0 .net "id_ex_read_data1", 31 0, v0xa1b0dc820_0;  1 drivers
v0xa1b0e4be0_0 .net "id_ex_read_data2", 31 0, v0xa1b0dc960_0;  1 drivers
v0xa1b0e4c80_0 .net "id_ex_rs1", 4 0, v0xa1b0dcb40_0;  1 drivers
v0xa1b0e4d20_0 .net "id_ex_rs2", 4 0, v0xa1b0dcc80_0;  1 drivers
v0xa1b0e4dc0_0 .net "id_funct3", 2 0, L_0xa1b0acb40;  1 drivers
v0xa1b0e4e60_0 .net "id_funct7", 6 0, L_0xa1b0acbe0;  1 drivers
v0xa1b0e4f00_0 .net "id_immediate", 31 0, v0xa1b0d9040_0;  1 drivers
v0xa1b0e4fa0_0 .net "id_rd", 4 0, L_0xa1b0acaa0;  1 drivers
v0xa1b0e5040_0 .net "id_read_data1", 31 0, L_0xa1b0e64e0;  1 drivers
v0xa1b0e50e0_0 .net "id_read_data2", 31 0, L_0xa1b0e68a0;  1 drivers
v0xa1b0e5180_0 .net "id_rs1", 4 0, L_0xa1b0ac960;  1 drivers
v0xa1b0e5220_0 .net "id_rs2", 4 0, L_0xa1b0aca00;  1 drivers
v0xa1b0e52c0_0 .net "if_id_instruction", 31 0, v0xa1b0dcf00_0;  1 drivers
v0xa1b0e5360_0 .net "if_id_pc", 31 0, v0xa1b0dd040_0;  1 drivers
v0xa1b0e5400_0 .net "if_id_rs1", 4 0, L_0xa1b0ac5a0;  1 drivers
v0xa1b0e54a0_0 .net "if_id_rs2", 4 0, L_0xa1b0ac640;  1 drivers
v0xa1b0e5540_0 .net "if_pc_plus4", 31 0, L_0xa1b0ac460;  1 drivers
v0xa1b0e55e0_0 .net "instruction", 31 0, L_0xa1ac49d50;  1 drivers
v0xa1b0e5680_0 .net "mem_read_data", 31 0, v0xa1b0dd860_0;  1 drivers
v0xa1b0e5720_0 .net "mem_wb_Jump", 0 0, v0xa1b0dde00_0;  1 drivers
v0xa1b0e57c0_0 .net "mem_wb_MemtoReg", 0 0, v0xa1b0ddf40_0;  1 drivers
v0xa1b0e5860_0 .net "mem_wb_RegWrite", 0 0, v0xa1b0de080_0;  1 drivers
v0xa1b0e5900_0 .net "mem_wb_alu_result", 31 0, v0xa1b0de1c0_0;  1 drivers
v0xa1b0e59a0_0 .net "mem_wb_pc_plus4", 31 0, v0xa1b0de3a0_0;  1 drivers
v0xa1b0e5a40_0 .net "mem_wb_rd", 4 0, v0xa1b0de4e0_0;  1 drivers
v0xa1b0e5ae0_0 .net "mem_wb_read_data", 31 0, v0xa1b0de620_0;  1 drivers
v0xa1b0e5b80_0 .net "next_pc", 31 0, L_0xa1b0e6080;  1 drivers
v0xa1b0e5c20_0 .net "pc", 31 0, v0xa1b0de8a0_0;  1 drivers
v0xa1b0e5cc0_0 .net "pc_write", 0 0, L_0x1033ef860;  1 drivers
v0xa1b0e5d60_0 .net "pipeline_flush", 0 0, L_0x1033ee6b0;  1 drivers
v0xa1b0e5e00_0 .net "reset", 0 0, v0xa1b0e5fe0_0;  1 drivers
v0xa1b0e5ea0_0 .net "wb_write_back_data", 31 0, L_0xa1b0e70c0;  1 drivers
L_0xa1b0ac460 .arith/sum 32, v0xa1b0de8a0_0, L_0xa1b478010;
L_0xa1b0e6080 .functor MUXZ 32, L_0xa1b0ac460, L_0xa1b0acc80, L_0x1033ee6b0, C4<>;
L_0xa1b0ac5a0 .part v0xa1b0dcf00_0, 15, 5;
L_0xa1b0ac640 .part v0xa1b0dcf00_0, 20, 5;
S_0x1033e4ff0 .scope module, "EX" "ex_stage" 4 239, 5 3 0, S_0x1033ed640;
 .timescale -9 -12;
    .port_info 0 /INPUT 32 "read_data1";
    .port_info 1 /INPUT 32 "read_data2";
    .port_info 2 /INPUT 32 "immediate";
    .port_info 3 /INPUT 32 "pc";
    .port_info 4 /INPUT 3 "funct3";
    .port_info 5 /INPUT 7 "funct7";
    .port_info 6 /INPUT 1 "ALUSrc";
    .port_info 7 /INPUT 2 "ALUOp";
    .port_info 8 /INPUT 2 "forwardA";
    .port_info 9 /INPUT 2 "forwardB";
    .port_info 10 /INPUT 32 "ex_mem_alu_result";
    .port_info 11 /INPUT 32 "wb_write_back_data";
    .port_info 12 /OUTPUT 32 "alu_result";
    .port_info 13 /OUTPUT 1 "zero";
    .port_info 14 /OUTPUT 1 "branch_taken";
    .port_info 15 /OUTPUT 32 "branch_target";
    .port_info 16 /OUTPUT 32 "store_data";
    .port_info 17 /OUTPUT 32 "pc_plus4";
L_0xa1ac49dc0 .functor BUFZ 32, L_0xa1b0e6da0, C4<00000000000000000000000000000000>, C4<00000000000000000000000000000000>, C4<00000000000000000000000000000000>;
v0xa1b03dd60_0 .net "ALUOp", 1 0, v0xa1b0db660_0;  alias, 1 drivers
v0xa1b03de00_0 .net "ALUSrc", 0 0, v0xa1b0db7a0_0;  alias, 1 drivers
L_0xa1b478298 .functor BUFT 1, C4<10>, C4<0>, C4<0>, C4<0>;
v0xa1b03dea0_0 .net/2u *"_ivl_0", 1 0, L_0xa1b478298;  1 drivers
L_0xa1b478328 .functor BUFT 1, C4<10>, C4<0>, C4<0>, C4<0>;
v0xa1b03df40_0 .net/2u *"_ivl_12", 1 0, L_0xa1b478328;  1 drivers
v0xa1b03dfe0_0 .net *"_ivl_14", 0 0, L_0xa1b0e6bc0;  1 drivers
L_0xa1b478370 .functor BUFT 1, C4<01>, C4<0>, C4<0>, C4<0>;
v0xa1b03e080_0 .net/2u *"_ivl_16", 1 0, L_0xa1b478370;  1 drivers
v0xa1b03e120_0 .net *"_ivl_18", 0 0, L_0xa1b0e6c60;  1 drivers
v0xa1b03e1c0_0 .net *"_ivl_2", 0 0, L_0xa1b0e6940;  1 drivers
v0xa1b03e260_0 .net *"_ivl_20", 31 0, L_0xa1b0e6d00;  1 drivers
L_0xa1b4783b8 .functor BUFT 1, C4<00000000000000000000000000000100>, C4<0>, C4<0>, C4<0>;
v0xa1b03e300_0 .net/2u *"_ivl_30", 31 0, L_0xa1b4783b8;  1 drivers
L_0xa1b4782e0 .functor BUFT 1, C4<01>, C4<0>, C4<0>, C4<0>;
v0xa1b03e3a0_0 .net/2u *"_ivl_4", 1 0, L_0xa1b4782e0;  1 drivers
v0xa1b03e440_0 .net *"_ivl_6", 0 0, L_0xa1b0e69e0;  1 drivers
v0xa1b03e4e0_0 .net *"_ivl_8", 31 0, L_0xa1b0e6a80;  1 drivers
v0xa1b03e580_0 .net "alu_ctrl", 3 0, v0xa1b03caa0_0;  1 drivers
v0xa1b03e620_0 .net "alu_result", 31 0, v0xa1b03cf00_0;  alias, 1 drivers
v0xa1b03e6c0_0 .net "branch_taken", 0 0, L_0xa1b0e6f80;  alias, 1 drivers
v0xa1b03e760_0 .net "branch_target", 31 0, L_0xa1b0acc80;  alias, 1 drivers
v0xa1b03e800_0 .net "ex_mem_alu_result", 31 0, v0xa1b03fa20_0;  alias, 1 drivers
v0xa1b03e8a0_0 .net "forwardA", 1 0, v0xa1b0d83c0_0;  alias, 1 drivers
v0xa1b03e940_0 .net "forwardB", 1 0, v0xa1b0d8460_0;  alias, 1 drivers
v0xa1b03e9e0_0 .net "funct3", 2 0, v0xa1b0dc1e0_0;  alias, 1 drivers
v0xa1b03ea80_0 .net "funct7", 6 0, v0xa1b0dc320_0;  alias, 1 drivers
v0xa1b03eb20_0 .net "immediate", 31 0, v0xa1b0dc460_0;  alias, 1 drivers
v0xa1b03ebc0_0 .net "operand1", 31 0, L_0xa1b0e6b20;  1 drivers
v0xa1b03ec60_0 .net "operand2", 31 0, L_0xa1b0e6e40;  1 drivers
v0xa1b03ed00_0 .net "operand2_base", 31 0, L_0xa1b0e6da0;  1 drivers
v0xa1b03eda0_0 .net "pc", 31 0, v0xa1b0dc5a0_0;  alias, 1 drivers
v0xa1b03ee40_0 .net "pc_plus4", 31 0, L_0xa1b0acd20;  alias, 1 drivers
v0xa1b03eee0_0 .net "read_data1", 31 0, v0xa1b0dc820_0;  alias, 1 drivers
v0xa1b03ef80_0 .net "read_data2", 31 0, v0xa1b0dc960_0;  alias, 1 drivers
v0xa1b03f020_0 .net "store_data", 31 0, L_0xa1ac49dc0;  alias, 1 drivers
v0xa1b03f0c0_0 .net "wb_write_back_data", 31 0, L_0xa1b0e70c0;  alias, 1 drivers
v0xa1b03f160_0 .net "zero", 0 0, L_0xa1b0e6ee0;  alias, 1 drivers
L_0xa1b0e6940 .cmp/eq 2, v0xa1b0d83c0_0, L_0xa1b478298;
L_0xa1b0e69e0 .cmp/eq 2, v0xa1b0d83c0_0, L_0xa1b4782e0;
L_0xa1b0e6a80 .functor MUXZ 32, v0xa1b0dc820_0, L_0xa1b0e70c0, L_0xa1b0e69e0, C4<>;
L_0xa1b0e6b20 .functor MUXZ 32, L_0xa1b0e6a80, v0xa1b03fa20_0, L_0xa1b0e6940, C4<>;
L_0xa1b0e6bc0 .cmp/eq 2, v0xa1b0d8460_0, L_0xa1b478328;
L_0xa1b0e6c60 .cmp/eq 2, v0xa1b0d8460_0, L_0xa1b478370;
L_0xa1b0e6d00 .functor MUXZ 32, v0xa1b0dc960_0, L_0xa1b0e70c0, L_0xa1b0e6c60, C4<>;
L_0xa1b0e6da0 .functor MUXZ 32, L_0xa1b0e6d00, v0xa1b03fa20_0, L_0xa1b0e6bc0, C4<>;
L_0xa1b0e6e40 .functor MUXZ 32, L_0xa1b0e6da0, v0xa1b0dc460_0, v0xa1b0db7a0_0, C4<>;
L_0xa1b0acc80 .arith/sum 32, v0xa1b0dc5a0_0, v0xa1b0dc460_0;
L_0xa1b0acd20 .arith/sum 32, v0xa1b0dc5a0_0, L_0xa1b4783b8;
S_0x1033e5170 .scope module, "alu_ctrl_unit" "alu_control" 5 64, 6 3 0, S_0x1033e4ff0;
 .timescale -9 -12;
    .port_info 0 /INPUT 2 "ALUOp";
    .port_info 1 /INPUT 3 "funct3";
    .port_info 2 /INPUT 7 "funct7";
    .port_info 3 /OUTPUT 4 "ALUCtrl";
v0xa1b03caa0_0 .var "ALUCtrl", 3 0;
v0xa1b03cb40_0 .net "ALUOp", 1 0, v0xa1b0db660_0;  alias, 1 drivers
v0xa1b03da40_0 .net "funct3", 2 0, v0xa1b0dc1e0_0;  alias, 1 drivers
v0xa1b03dae0_0 .net "funct7", 6 0, v0xa1b0dc320_0;  alias, 1 drivers
E_0xa1ac01640 .event anyedge, v0xa1b03cb40_0, v0xa1b03da40_0, v0xa1b03dae0_0;
S_0x1033e4310 .scope module, "alu_unit" "alu" 5 78, 7 1 0, S_0x1033e4ff0;
 .timescale 0 0;
    .port_info 0 /INPUT 32 "a";
    .port_info 1 /INPUT 32 "b";
    .port_info 2 /INPUT 4 "alu_control";
    .port_info 3 /OUTPUT 32 "result";
    .port_info 4 /OUTPUT 1 "zero";
L_0xa1b478400 .functor BUFT 1, C4<00000000000000000000000000000000>, C4<0>, C4<0>, C4<0>;
v0xa1b03cc80_0 .net/2u *"_ivl_0", 31 0, L_0xa1b478400;  1 drivers
v0xa1b03cd20_0 .net "a", 31 0, L_0xa1b0e6b20;  alias, 1 drivers
v0xa1b03d5e0_0 .net "alu_control", 3 0, v0xa1b03caa0_0;  alias, 1 drivers
v0xa1b03d680_0 .net "b", 31 0, L_0xa1b0e6e40;  alias, 1 drivers
v0xa1b03cf00_0 .var "result", 31 0;
v0xa1b03cfa0_0 .net "zero", 0 0, L_0xa1b0e6ee0;  alias, 1 drivers
E_0xa1ac01680 .event anyedge, v0xa1b03caa0_0, v0xa1b03cd20_0, v0xa1b03d680_0;
L_0xa1b0e6ee0 .cmp/eq 32, v0xa1b03cf00_0, L_0xa1b478400;
S_0x1033e4490 .scope module, "bc" "branch_comparator" 5 96, 8 3 0, S_0x1033e4ff0;
 .timescale -9 -12;
    .port_info 0 /INPUT 32 "rs1_data";
    .port_info 1 /INPUT 32 "rs2_data";
    .port_info 2 /OUTPUT 1 "branch_taken";
v0xa1b03db80_0 .net "branch_taken", 0 0, L_0xa1b0e6f80;  alias, 1 drivers
v0xa1b03dc20_0 .net "rs1_data", 31 0, L_0xa1b0e6b20;  alias, 1 drivers
v0xa1b03dcc0_0 .net "rs2_data", 31 0, L_0xa1b0e6da0;  alias, 1 drivers
L_0xa1b0e6f80 .cmp/eq 32, L_0xa1b0e6b20, L_0xa1b0e6da0;
S_0x1033e16e0 .scope module, "EX_MEM" "ex_mem_register" 4 272, 9 3 0, S_0x1033ed640;
 .timescale -9 -12;
    .port_info 0 /INPUT 1 "clk";
    .port_info 1 /INPUT 1 "reset";
    .port_info 2 /INPUT 32 "alu_result_in";
    .port_info 3 /INPUT 32 "write_data_in";
    .port_info 4 /INPUT 5 "rd_in";
    .port_info 5 /INPUT 32 "branch_target_in";
    .port_info 6 /INPUT 1 "branch_taken_in";
    .port_info 7 /INPUT 32 "pc_plus4_in";
    .port_info 8 /INPUT 1 "RegWrite_in";
    .port_info 9 /INPUT 1 "MemRead_in";
    .port_info 10 /INPUT 1 "MemWrite_in";
    .port_info 11 /INPUT 1 "MemtoReg_in";
    .port_info 12 /INPUT 1 "Branch_in";
    .port_info 13 /INPUT 1 "Jump_in";
    .port_info 14 /OUTPUT 32 "alu_result_out";
    .port_info 15 /OUTPUT 32 "write_data_out";
    .port_info 16 /OUTPUT 5 "rd_out";
    .port_info 17 /OUTPUT 32 "branch_target_out";
    .port_info 18 /OUTPUT 1 "branch_taken_out";
    .port_info 19 /OUTPUT 32 "pc_plus4_out";
    .port_info 20 /OUTPUT 1 "RegWrite_out";
    .port_info 21 /OUTPUT 1 "MemRead_out";
    .port_info 22 /OUTPUT 1 "MemWrite_out";
    .port_info 23 /OUTPUT 1 "MemtoReg_out";
    .port_info 24 /OUTPUT 1 "Branch_out";
    .port_info 25 /OUTPUT 1 "Jump_out";
v0xa1b03f200_0 .net "Branch_in", 0 0, v0xa1b0db8e0_0;  alias, 1 drivers
v0xa1b03f2a0_0 .var "Branch_out", 0 0;
v0xa1b03f340_0 .net "Jump_in", 0 0, v0xa1b0dba20_0;  alias, 1 drivers
v0xa1b03f3e0_0 .var "Jump_out", 0 0;
v0xa1b03f480_0 .net "MemRead_in", 0 0, v0xa1b0dbb60_0;  alias, 1 drivers
v0xa1b03f520_0 .var "MemRead_out", 0 0;
v0xa1b03f5c0_0 .net "MemWrite_in", 0 0, v0xa1b0dbca0_0;  alias, 1 drivers
v0xa1b03f660_0 .var "MemWrite_out", 0 0;
v0xa1b03f700_0 .net "MemtoReg_in", 0 0, v0xa1b0dbde0_0;  alias, 1 drivers
v0xa1b03f7a0_0 .var "MemtoReg_out", 0 0;
v0xa1b03f840_0 .net "RegWrite_in", 0 0, v0xa1b0dbf20_0;  alias, 1 drivers
v0xa1b03f8e0_0 .var "RegWrite_out", 0 0;
v0xa1b03f980_0 .net "alu_result_in", 31 0, v0xa1b03cf00_0;  alias, 1 drivers
v0xa1b03fa20_0 .var "alu_result_out", 31 0;
v0xa1b03fac0_0 .net "branch_taken_in", 0 0, L_0xa1b0e6f80;  alias, 1 drivers
v0xa1b03fb60_0 .var "branch_taken_out", 0 0;
v0xa1b03fc00_0 .net "branch_target_in", 31 0, L_0xa1b0acc80;  alias, 1 drivers
v0xa1b03fca0_0 .var "branch_target_out", 31 0;
v0xa1b03fd40_0 .net "clk", 0 0, v0xa1b0e5f40_0;  alias, 1 drivers
v0xa1b03fde0_0 .net "pc_plus4_in", 31 0, L_0xa1b0acd20;  alias, 1 drivers
v0xa1b03fe80_0 .var "pc_plus4_out", 31 0;
v0xa1b03ff20_0 .net "rd_in", 4 0, v0xa1b0dc6e0_0;  alias, 1 drivers
v0xa1b0d8000_0 .var "rd_out", 4 0;
v0xa1b0d80a0_0 .net "reset", 0 0, v0xa1b0e5fe0_0;  alias, 1 drivers
v0xa1b0d8140_0 .net "write_data_in", 31 0, L_0xa1ac49dc0;  alias, 1 drivers
v0xa1b0d81e0_0 .var "write_data_out", 31 0;
E_0xa1ac01740 .event posedge, v0xa1b0d80a0_0, v0xa1b03fd40_0;
S_0x1033e1860 .scope module, "FU" "forwarding_unit" 4 221, 10 5 0, S_0x1033ed640;
 .timescale -9 -12;
    .port_info 0 /INPUT 5 "id_ex_rs1";
    .port_info 1 /INPUT 5 "id_ex_rs2";
    .port_info 2 /INPUT 5 "ex_mem_rd";
    .port_info 3 /INPUT 1 "ex_mem_regwrite";
    .port_info 4 /INPUT 5 "mem_wb_rd";
    .port_info 5 /INPUT 1 "mem_wb_regwrite";
    .port_info 6 /OUTPUT 2 "forwardA";
    .port_info 7 /OUTPUT 2 "forwardB";
v0xa1b0d8280_0 .net "ex_mem_rd", 4 0, v0xa1b0d8000_0;  alias, 1 drivers
v0xa1b0d8320_0 .net "ex_mem_regwrite", 0 0, v0xa1b03f8e0_0;  alias, 1 drivers
v0xa1b0d83c0_0 .var "forwardA", 1 0;
v0xa1b0d8460_0 .var "forwardB", 1 0;
v0xa1b0d8500_0 .net "id_ex_rs1", 4 0, v0xa1b0dcb40_0;  alias, 1 drivers
v0xa1b0d85a0_0 .net "id_ex_rs2", 4 0, v0xa1b0dcc80_0;  alias, 1 drivers
v0xa1b0d8640_0 .net "mem_wb_rd", 4 0, v0xa1b0de4e0_0;  alias, 1 drivers
v0xa1b0d86e0_0 .net "mem_wb_regwrite", 0 0, v0xa1b0de080_0;  alias, 1 drivers
E_0xa1ac01800/0 .event anyedge, v0xa1b03f8e0_0, v0xa1b0d8000_0, v0xa1b0d8500_0, v0xa1b0d86e0_0;
E_0xa1ac01800/1 .event anyedge, v0xa1b0d8640_0, v0xa1b0d85a0_0;
E_0xa1ac01800 .event/or E_0xa1ac01800/0, E_0xa1ac01800/1;
S_0xa1acbc000 .scope module, "HDU" "hazard_detection_unit" 4 155, 11 7 0, S_0x1033ed640;
 .timescale -9 -12;
    .port_info 0 /INPUT 1 "id_ex_memread";
    .port_info 1 /INPUT 5 "id_ex_rd";
    .port_info 2 /INPUT 5 "if_id_rs1";
    .port_info 3 /INPUT 5 "if_id_rs2";
    .port_info 4 /OUTPUT 1 "stall";
v0xa1b0d8780_0 .net "id_ex_memread", 0 0, v0xa1b0dbb60_0;  alias, 1 drivers
v0xa1b0d8820_0 .net "id_ex_rd", 4 0, v0xa1b0dc6e0_0;  alias, 1 drivers
v0xa1b0d88c0_0 .net "if_id_rs1", 4 0, L_0xa1b0ac5a0;  alias, 1 drivers
v0xa1b0d8960_0 .net "if_id_rs2", 4 0, L_0xa1b0ac640;  alias, 1 drivers
v0xa1b0d8a00_0 .var "stall", 0 0;
E_0xa1ac01840 .event anyedge, v0xa1b03f480_0, v0xa1b03ff20_0, v0xa1b0d88c0_0, v0xa1b0d8960_0;
S_0xa1acbc180 .scope module, "ID" "id_stage" 4 118, 12 3 0, S_0x1033ed640;
 .timescale -9 -12;
    .port_info 0 /INPUT 1 "clk";
    .port_info 1 /INPUT 1 "reset";
    .port_info 2 /INPUT 32 "instruction";
    .port_info 3 /INPUT 32 "write_data";
    .port_info 4 /INPUT 5 "write_reg";
    .port_info 5 /INPUT 1 "reg_write";
    .port_info 6 /OUTPUT 32 "read_data1";
    .port_info 7 /OUTPUT 32 "read_data2";
    .port_info 8 /OUTPUT 32 "immediate";
    .port_info 9 /OUTPUT 5 "rs1";
    .port_info 10 /OUTPUT 5 "rs2";
    .port_info 11 /OUTPUT 5 "rd";
    .port_info 12 /OUTPUT 3 "funct3";
    .port_info 13 /OUTPUT 7 "funct7";
    .port_info 14 /OUTPUT 1 "RegWrite";
    .port_info 15 /OUTPUT 1 "ALUSrc";
    .port_info 16 /OUTPUT 1 "MemRead";
    .port_info 17 /OUTPUT 1 "MemWrite";
    .port_info 18 /OUTPUT 1 "MemtoReg";
    .port_info 19 /OUTPUT 1 "Branch";
    .port_info 20 /OUTPUT 1 "Jump";
    .port_info 21 /OUTPUT 2 "ALUOp";
v0xa1b0da800_0 .net "ALUOp", 1 0, v0xa1b0d8aa0_0;  alias, 1 drivers
v0xa1b0da8a0_0 .net "ALUSrc", 0 0, v0xa1b0d8b40_0;  alias, 1 drivers
v0xa1b0da940_0 .net "Branch", 0 0, v0xa1b0d8be0_0;  alias, 1 drivers
v0xa1b0da9e0_0 .net "Jump", 0 0, v0xa1b0d8c80_0;  alias, 1 drivers
v0xa1b0daa80_0 .net "MemRead", 0 0, v0xa1b0d8d20_0;  alias, 1 drivers
v0xa1b0dab20_0 .net "MemWrite", 0 0, v0xa1b0d8dc0_0;  alias, 1 drivers
v0xa1b0dabc0_0 .net "MemtoReg", 0 0, v0xa1b0d8e60_0;  alias, 1 drivers
v0xa1b0dac60_0 .net "RegWrite", 0 0, v0xa1b0d8f00_0;  alias, 1 drivers
v0xa1b0dad00_0 .net "clk", 0 0, v0xa1b0e5f40_0;  alias, 1 drivers
v0xa1b0dada0_0 .net "funct3", 2 0, L_0xa1b0acb40;  alias, 1 drivers
v0xa1b0dae40_0 .net "funct7", 6 0, L_0xa1b0acbe0;  alias, 1 drivers
v0xa1b0daee0_0 .net "immediate", 31 0, v0xa1b0d9040_0;  alias, 1 drivers
v0xa1b0daf80_0 .net "instruction", 31 0, v0xa1b0dcf00_0;  alias, 1 drivers
v0xa1b0db020_0 .net "rd", 4 0, L_0xa1b0acaa0;  alias, 1 drivers
v0xa1b0db0c0_0 .net "read_data1", 31 0, L_0xa1b0e64e0;  alias, 1 drivers
v0xa1b0db160_0 .net "read_data2", 31 0, L_0xa1b0e68a0;  alias, 1 drivers
v0xa1b0db200_0 .net "reg_write", 0 0, v0xa1b0de080_0;  alias, 1 drivers
v0xa1b0db2a0_0 .net "reset", 0 0, v0xa1b0e5fe0_0;  alias, 1 drivers
v0xa1b0db340_0 .net "rs1", 4 0, L_0xa1b0ac960;  alias, 1 drivers
v0xa1b0db3e0_0 .net "rs2", 4 0, L_0xa1b0aca00;  alias, 1 drivers
v0xa1b0db480_0 .net "write_data", 31 0, L_0xa1b0e70c0;  alias, 1 drivers
v0xa1b0db520_0 .net "write_reg", 4 0, v0xa1b0de4e0_0;  alias, 1 drivers
L_0xa1b0ac6e0 .part v0xa1b0dcf00_0, 15, 5;
L_0xa1b0ac780 .part v0xa1b0dcf00_0, 20, 5;
L_0xa1b0ac820 .part v0xa1b0dcf00_0, 0, 7;
L_0xa1b0ac960 .part v0xa1b0dcf00_0, 15, 5;
L_0xa1b0aca00 .part v0xa1b0dcf00_0, 20, 5;
L_0xa1b0acaa0 .part v0xa1b0dcf00_0, 7, 5;
L_0xa1b0acb40 .part v0xa1b0dcf00_0, 12, 3;
L_0xa1b0acbe0 .part v0xa1b0dcf00_0, 25, 7;
S_0xa1acbc300 .scope module, "cu" "control_unit" 12 55, 13 3 0, S_0xa1acbc180;
 .timescale -9 -12;
    .port_info 0 /INPUT 7 "opcode";
    .port_info 1 /OUTPUT 1 "RegWrite";
    .port_info 2 /OUTPUT 1 "ALUSrc";
    .port_info 3 /OUTPUT 1 "MemRead";
    .port_info 4 /OUTPUT 1 "MemWrite";
    .port_info 5 /OUTPUT 1 "MemtoReg";
    .port_info 6 /OUTPUT 1 "Branch";
    .port_info 7 /OUTPUT 1 "Jump";
    .port_info 8 /OUTPUT 2 "ALUOp";
v0xa1b0d8aa0_0 .var "ALUOp", 1 0;
v0xa1b0d8b40_0 .var "ALUSrc", 0 0;
v0xa1b0d8be0_0 .var "Branch", 0 0;
v0xa1b0d8c80_0 .var "Jump", 0 0;
v0xa1b0d8d20_0 .var "MemRead", 0 0;
v0xa1b0d8dc0_0 .var "MemWrite", 0 0;
v0xa1b0d8e60_0 .var "MemtoReg", 0 0;
v0xa1b0d8f00_0 .var "RegWrite", 0 0;
v0xa1b0d8fa0_0 .net "opcode", 6 0, L_0xa1b0ac820;  1 drivers
E_0xa1ac01880 .event anyedge, v0xa1b0d8fa0_0;
S_0xa1acbc480 .scope module, "ig" "immediate_generator" 12 70, 14 3 0, S_0xa1acbc180;
 .timescale -9 -12;
    .port_info 0 /INPUT 32 "instruction";
    .port_info 1 /OUTPUT 32 "immediate";
v0xa1b0d9040_0 .var "immediate", 31 0;
v0xa1b0d90e0_0 .net "instruction", 31 0, v0xa1b0dcf00_0;  alias, 1 drivers
v0xa1b0d9180_0 .net "opcode", 6 0, L_0xa1b0ac8c0;  1 drivers
E_0xa1ac01900 .event anyedge, v0xa1b0d9180_0, v0xa1b0d90e0_0;
L_0xa1b0ac8c0 .part v0xa1b0dcf00_0, 0, 7;
S_0xa1acbc600 .scope module, "rf" "register_file" 12 38, 15 1 0, S_0xa1acbc180;
 .timescale -9 -12;
    .port_info 0 /INPUT 1 "clk";
    .port_info 1 /INPUT 1 "we";
    .port_info 2 /INPUT 1 "reset";
    .port_info 3 /INPUT 5 "rs1";
    .port_info 4 /INPUT 5 "rs2";
    .port_info 5 /INPUT 5 "rd";
    .port_info 6 /INPUT 32 "write_data";
    .port_info 7 /OUTPUT 32 "read_data1";
    .port_info 8 /OUTPUT 32 "read_data2";
L_0x1033e6030 .functor AND 1, v0xa1b0de080_0, L_0xa1b0e6260, C4<1>, C4<1>;
L_0x1033e5470 .functor AND 1, L_0x1033e6030, L_0xa1b0e6300, C4<1>, C4<1>;
L_0x1033ea330 .functor AND 1, v0xa1b0de080_0, L_0xa1b0e6620, C4<1>, C4<1>;
L_0x1033dd1f0 .functor AND 1, L_0x1033ea330, L_0xa1b0e66c0, C4<1>, C4<1>;
L_0xa1b478058 .functor BUFT 1, C4<00000>, C4<0>, C4<0>, C4<0>;
v0xa1b0d9220_0 .net/2u *"_ivl_0", 4 0, L_0xa1b478058;  1 drivers
L_0xa1b4780e8 .functor BUFT 1, C4<00000>, C4<0>, C4<0>, C4<0>;
v0xa1b0d92c0_0 .net/2u *"_ivl_10", 4 0, L_0xa1b4780e8;  1 drivers
v0xa1b0d9360_0 .net *"_ivl_12", 0 0, L_0xa1b0e6300;  1 drivers
v0xa1b0d9400_0 .net *"_ivl_15", 0 0, L_0x1033e5470;  1 drivers
v0xa1b0d94a0_0 .net *"_ivl_16", 31 0, L_0xa1b0e63a0;  1 drivers
v0xa1b0d9540_0 .net *"_ivl_18", 6 0, L_0xa1b069400;  1 drivers
v0xa1b0d95e0_0 .net *"_ivl_2", 0 0, L_0xa1b0e61c0;  1 drivers
L_0xa1b478130 .functor BUFT 1, C4<00>, C4<0>, C4<0>, C4<0>;
v0xa1b0d9680_0 .net *"_ivl_21", 1 0, L_0xa1b478130;  1 drivers
v0xa1b0d9720_0 .net *"_ivl_22", 31 0, L_0xa1b0e6440;  1 drivers
L_0xa1b478178 .functor BUFT 1, C4<00000>, C4<0>, C4<0>, C4<0>;
v0xa1b0d97c0_0 .net/2u *"_ivl_26", 4 0, L_0xa1b478178;  1 drivers
v0xa1b0d9860_0 .net *"_ivl_28", 0 0, L_0xa1b0e6580;  1 drivers
L_0xa1b4781c0 .functor BUFT 1, C4<00000000000000000000000000000000>, C4<0>, C4<0>, C4<0>;
v0xa1b0d9900_0 .net/2u *"_ivl_30", 31 0, L_0xa1b4781c0;  1 drivers
v0xa1b0d99a0_0 .net *"_ivl_32", 0 0, L_0xa1b0e6620;  1 drivers
v0xa1b0d9a40_0 .net *"_ivl_35", 0 0, L_0x1033ea330;  1 drivers
L_0xa1b478208 .functor BUFT 1, C4<00000>, C4<0>, C4<0>, C4<0>;
v0xa1b0d9ae0_0 .net/2u *"_ivl_36", 4 0, L_0xa1b478208;  1 drivers
v0xa1b0d9b80_0 .net *"_ivl_38", 0 0, L_0xa1b0e66c0;  1 drivers
L_0xa1b4780a0 .functor BUFT 1, C4<00000000000000000000000000000000>, C4<0>, C4<0>, C4<0>;
v0xa1b0d9c20_0 .net/2u *"_ivl_4", 31 0, L_0xa1b4780a0;  1 drivers
v0xa1b0d9cc0_0 .net *"_ivl_41", 0 0, L_0x1033dd1f0;  1 drivers
v0xa1b0d9d60_0 .net *"_ivl_42", 31 0, L_0xa1b0e6760;  1 drivers
v0xa1b0d9e00_0 .net *"_ivl_44", 6 0, L_0xa1b0694a0;  1 drivers
L_0xa1b478250 .functor BUFT 1, C4<00>, C4<0>, C4<0>, C4<0>;
v0xa1b0d9ea0_0 .net *"_ivl_47", 1 0, L_0xa1b478250;  1 drivers
v0xa1b0d9f40_0 .net *"_ivl_48", 31 0, L_0xa1b0e6800;  1 drivers
v0xa1b0d9fe0_0 .net *"_ivl_6", 0 0, L_0xa1b0e6260;  1 drivers
v0xa1b0da080_0 .net *"_ivl_9", 0 0, L_0x1033e6030;  1 drivers
v0xa1b0da120_0 .net "clk", 0 0, v0xa1b0e5f40_0;  alias, 1 drivers
v0xa1b0da1c0_0 .var/i "i", 31 0;
v0xa1b0da260_0 .net "rd", 4 0, v0xa1b0de4e0_0;  alias, 1 drivers
v0xa1b0da300_0 .net "read_data1", 31 0, L_0xa1b0e64e0;  alias, 1 drivers
v0xa1b0da3a0_0 .net "read_data2", 31 0, L_0xa1b0e68a0;  alias, 1 drivers
v0xa1b0da440 .array "registers", 31 0, 31 0;
v0xa1b0da4e0_0 .net "reset", 0 0, v0xa1b0e5fe0_0;  alias, 1 drivers
v0xa1b0da580_0 .net "rs1", 4 0, L_0xa1b0ac6e0;  1 drivers
v0xa1b0da620_0 .net "rs2", 4 0, L_0xa1b0ac780;  1 drivers
v0xa1b0da6c0_0 .net "we", 0 0, v0xa1b0de080_0;  alias, 1 drivers
v0xa1b0da760_0 .net "write_data", 31 0, L_0xa1b0e70c0;  alias, 1 drivers
L_0xa1b0e61c0 .cmp/eq 5, L_0xa1b0ac6e0, L_0xa1b478058;
L_0xa1b0e6260 .cmp/eq 5, v0xa1b0de4e0_0, L_0xa1b0ac6e0;
L_0xa1b0e6300 .cmp/ne 5, v0xa1b0de4e0_0, L_0xa1b4780e8;
L_0xa1b0e63a0 .array/port v0xa1b0da440, L_0xa1b069400;
L_0xa1b069400 .concat [ 5 2 0 0], L_0xa1b0ac6e0, L_0xa1b478130;
L_0xa1b0e6440 .functor MUXZ 32, L_0xa1b0e63a0, L_0xa1b0e70c0, L_0x1033e5470, C4<>;
L_0xa1b0e64e0 .functor MUXZ 32, L_0xa1b0e6440, L_0xa1b4780a0, L_0xa1b0e61c0, C4<>;
L_0xa1b0e6580 .cmp/eq 5, L_0xa1b0ac780, L_0xa1b478178;
L_0xa1b0e6620 .cmp/eq 5, v0xa1b0de4e0_0, L_0xa1b0ac780;
L_0xa1b0e66c0 .cmp/ne 5, v0xa1b0de4e0_0, L_0xa1b478208;
L_0xa1b0e6760 .array/port v0xa1b0da440, L_0xa1b0694a0;
L_0xa1b0694a0 .concat [ 5 2 0 0], L_0xa1b0ac780, L_0xa1b478250;
L_0xa1b0e6800 .functor MUXZ 32, L_0xa1b0e6760, L_0xa1b0e70c0, L_0x1033dd1f0, C4<>;
L_0xa1b0e68a0 .functor MUXZ 32, L_0xa1b0e6800, L_0xa1b4781c0, L_0xa1b0e6580, C4<>;
S_0xa1acbc780 .scope module, "ID_EX" "id_ex_register" 4 169, 16 3 0, S_0x1033ed640;
 .timescale -9 -12;
    .port_info 0 /INPUT 1 "clk";
    .port_info 1 /INPUT 1 "reset";
    .port_info 2 /INPUT 1 "flush";
    .port_info 3 /INPUT 32 "pc_in";
    .port_info 4 /INPUT 32 "read_data1_in";
    .port_info 5 /INPUT 32 "read_data2_in";
    .port_info 6 /INPUT 32 "immediate_in";
    .port_info 7 /INPUT 5 "rs1_in";
    .port_info 8 /INPUT 5 "rs2_in";
    .port_info 9 /INPUT 5 "rd_in";
    .port_info 10 /INPUT 3 "funct3_in";
    .port_info 11 /INPUT 7 "funct7_in";
    .port_info 12 /INPUT 1 "RegWrite_in";
    .port_info 13 /INPUT 1 "ALUSrc_in";
    .port_info 14 /INPUT 1 "MemRead_in";
    .port_info 15 /INPUT 1 "MemWrite_in";
    .port_info 16 /INPUT 1 "MemtoReg_in";
    .port_info 17 /INPUT 1 "Branch_in";
    .port_info 18 /INPUT 1 "Jump_in";
    .port_info 19 /INPUT 2 "ALUOp_in";
    .port_info 20 /OUTPUT 32 "pc_out";
    .port_info 21 /OUTPUT 32 "read_data1_out";
    .port_info 22 /OUTPUT 32 "read_data2_out";
    .port_info 23 /OUTPUT 32 "immediate_out";
    .port_info 24 /OUTPUT 5 "rs1_out";
    .port_info 25 /OUTPUT 5 "rs2_out";
    .port_info 26 /OUTPUT 5 "rd_out";
    .port_info 27 /OUTPUT 3 "funct3_out";
    .port_info 28 /OUTPUT 7 "funct7_out";
    .port_info 29 /OUTPUT 1 "RegWrite_out";
    .port_info 30 /OUTPUT 1 "ALUSrc_out";
    .port_info 31 /OUTPUT 1 "MemRead_out";
    .port_info 32 /OUTPUT 1 "MemWrite_out";
    .port_info 33 /OUTPUT 1 "MemtoReg_out";
    .port_info 34 /OUTPUT 1 "Branch_out";
    .port_info 35 /OUTPUT 1 "Jump_out";
    .port_info 36 /OUTPUT 2 "ALUOp_out";
v0xa1b0db5c0_0 .net "ALUOp_in", 1 0, v0xa1b0d8aa0_0;  alias, 1 drivers
v0xa1b0db660_0 .var "ALUOp_out", 1 0;
v0xa1b0db700_0 .net "ALUSrc_in", 0 0, v0xa1b0d8b40_0;  alias, 1 drivers
v0xa1b0db7a0_0 .var "ALUSrc_out", 0 0;
v0xa1b0db840_0 .net "Branch_in", 0 0, v0xa1b0d8be0_0;  alias, 1 drivers
v0xa1b0db8e0_0 .var "Branch_out", 0 0;
v0xa1b0db980_0 .net "Jump_in", 0 0, v0xa1b0d8c80_0;  alias, 1 drivers
v0xa1b0dba20_0 .var "Jump_out", 0 0;
v0xa1b0dbac0_0 .net "MemRead_in", 0 0, v0xa1b0d8d20_0;  alias, 1 drivers
v0xa1b0dbb60_0 .var "MemRead_out", 0 0;
v0xa1b0dbc00_0 .net "MemWrite_in", 0 0, v0xa1b0d8dc0_0;  alias, 1 drivers
v0xa1b0dbca0_0 .var "MemWrite_out", 0 0;
v0xa1b0dbd40_0 .net "MemtoReg_in", 0 0, v0xa1b0d8e60_0;  alias, 1 drivers
v0xa1b0dbde0_0 .var "MemtoReg_out", 0 0;
v0xa1b0dbe80_0 .net "RegWrite_in", 0 0, v0xa1b0d8f00_0;  alias, 1 drivers
v0xa1b0dbf20_0 .var "RegWrite_out", 0 0;
v0xa1b0dc000_0 .net "clk", 0 0, v0xa1b0e5f40_0;  alias, 1 drivers
v0xa1b0dc0a0_0 .net "flush", 0 0, L_0x1033e6a00;  1 drivers
v0xa1b0dc140_0 .net "funct3_in", 2 0, L_0xa1b0acb40;  alias, 1 drivers
v0xa1b0dc1e0_0 .var "funct3_out", 2 0;
v0xa1b0dc280_0 .net "funct7_in", 6 0, L_0xa1b0acbe0;  alias, 1 drivers
v0xa1b0dc320_0 .var "funct7_out", 6 0;
v0xa1b0dc3c0_0 .net "immediate_in", 31 0, v0xa1b0d9040_0;  alias, 1 drivers
v0xa1b0dc460_0 .var "immediate_out", 31 0;
v0xa1b0dc500_0 .net "pc_in", 31 0, v0xa1b0dd040_0;  alias, 1 drivers
v0xa1b0dc5a0_0 .var "pc_out", 31 0;
v0xa1b0dc640_0 .net "rd_in", 4 0, L_0xa1b0acaa0;  alias, 1 drivers
v0xa1b0dc6e0_0 .var "rd_out", 4 0;
v0xa1b0dc780_0 .net "read_data1_in", 31 0, L_0xa1b0e64e0;  alias, 1 drivers
v0xa1b0dc820_0 .var "read_data1_out", 31 0;
v0xa1b0dc8c0_0 .net "read_data2_in", 31 0, L_0xa1b0e68a0;  alias, 1 drivers
v0xa1b0dc960_0 .var "read_data2_out", 31 0;
v0xa1b0dca00_0 .net "reset", 0 0, v0xa1b0e5fe0_0;  alias, 1 drivers
v0xa1b0dcaa0_0 .net "rs1_in", 4 0, L_0xa1b0ac960;  alias, 1 drivers
v0xa1b0dcb40_0 .var "rs1_out", 4 0;
v0xa1b0dcbe0_0 .net "rs2_in", 4 0, L_0xa1b0aca00;  alias, 1 drivers
v0xa1b0dcc80_0 .var "rs2_out", 4 0;
S_0xa1acbc900 .scope module, "IF_ID" "if_id_register" 4 98, 17 3 0, S_0x1033ed640;
 .timescale -9 -12;
    .port_info 0 /INPUT 1 "clk";
    .port_info 1 /INPUT 1 "reset";
    .port_info 2 /INPUT 1 "stall";
    .port_info 3 /INPUT 1 "flush";
    .port_info 4 /INPUT 32 "pc_in";
    .port_info 5 /INPUT 32 "instruction_in";
    .port_info 6 /OUTPUT 32 "pc_out";
    .port_info 7 /OUTPUT 32 "instruction_out";
v0xa1b0dcd20_0 .net "clk", 0 0, v0xa1b0e5f40_0;  alias, 1 drivers
v0xa1b0dcdc0_0 .net "flush", 0 0, L_0x1033ee6b0;  alias, 1 drivers
v0xa1b0dce60_0 .net "instruction_in", 31 0, L_0xa1ac49d50;  alias, 1 drivers
v0xa1b0dcf00_0 .var "instruction_out", 31 0;
v0xa1b0dcfa0_0 .net "pc_in", 31 0, v0xa1b0de8a0_0;  alias, 1 drivers
v0xa1b0dd040_0 .var "pc_out", 31 0;
v0xa1b0dd0e0_0 .net "reset", 0 0, v0xa1b0e5fe0_0;  alias, 1 drivers
v0xa1b0dd180_0 .net "stall", 0 0, v0xa1b0d8a00_0;  alias, 1 drivers
S_0xa1acbca80 .scope module, "IM" "instruction_memory" 4 89, 18 3 0, S_0x1033ed640;
 .timescale -9 -12;
    .port_info 0 /INPUT 32 "pc";
    .port_info 1 /OUTPUT 32 "instruction";
L_0xa1ac49d50 .functor BUFZ 32, L_0xa1b0e6120, C4<00000000000000000000000000000000>, C4<00000000000000000000000000000000>, C4<00000000000000000000000000000000>;
v0xa1b0dd220_0 .net *"_ivl_0", 31 0, L_0xa1b0e6120;  1 drivers
v0xa1b0dd2c0_0 .net *"_ivl_3", 29 0, L_0xa1b0ac500;  1 drivers
v0xa1b0dd360_0 .net "instruction", 31 0, L_0xa1ac49d50;  alias, 1 drivers
v0xa1b0dd400 .array "memory", 255 0, 31 0;
v0xa1b0dd4a0_0 .net "pc", 31 0, v0xa1b0de8a0_0;  alias, 1 drivers
L_0xa1b0e6120 .array/port v0xa1b0dd400, L_0xa1b0ac500;
L_0xa1b0ac500 .part v0xa1b0de8a0_0, 2, 30;
S_0xa1acbcc00 .scope module, "MEM" "mem_stage" 4 309, 19 3 0, S_0x1033ed640;
 .timescale -9 -12;
    .port_info 0 /INPUT 1 "clk";
    .port_info 1 /INPUT 1 "MemRead";
    .port_info 2 /INPUT 1 "MemWrite";
    .port_info 3 /INPUT 32 "address";
    .port_info 4 /INPUT 32 "write_data";
    .port_info 5 /OUTPUT 32 "read_data";
v0xa1b0dd9a0_0 .net "MemRead", 0 0, v0xa1b03f520_0;  alias, 1 drivers
v0xa1b0dda40_0 .net "MemWrite", 0 0, v0xa1b03f660_0;  alias, 1 drivers
v0xa1b0ddae0_0 .net "address", 31 0, v0xa1b03fa20_0;  alias, 1 drivers
v0xa1b0ddb80_0 .net "clk", 0 0, v0xa1b0e5f40_0;  alias, 1 drivers
v0xa1b0ddc20_0 .net "read_data", 31 0, v0xa1b0dd860_0;  alias, 1 drivers
v0xa1b0ddcc0_0 .net "write_data", 31 0, v0xa1b0d81e0_0;  alias, 1 drivers
S_0xa1acbcd80 .scope module, "dm" "data_memory" 19 17, 20 3 0, S_0xa1acbcc00;
 .timescale -9 -12;
    .port_info 0 /INPUT 1 "clk";
    .port_info 1 /INPUT 1 "mem_write";
    .port_info 2 /INPUT 1 "mem_read";
    .port_info 3 /INPUT 32 "address";
    .port_info 4 /INPUT 32 "write_data";
    .port_info 5 /OUTPUT 32 "read_data";
v0xa1b0dd540_0 .net "address", 31 0, v0xa1b03fa20_0;  alias, 1 drivers
v0xa1b0dd5e0_0 .net "clk", 0 0, v0xa1b0e5f40_0;  alias, 1 drivers
v0xa1b0dd680_0 .net "mem_read", 0 0, v0xa1b03f520_0;  alias, 1 drivers
v0xa1b0dd720_0 .net "mem_write", 0 0, v0xa1b03f660_0;  alias, 1 drivers
v0xa1b0dd7c0 .array "memory", 255 0, 31 0;
v0xa1b0dd860_0 .var "read_data", 31 0;
v0xa1b0dd900_0 .net "write_data", 31 0, v0xa1b0d81e0_0;  alias, 1 drivers
v0xa1b0dd7c0_0 .array/port v0xa1b0dd7c0, 0;
v0xa1b0dd7c0_1 .array/port v0xa1b0dd7c0, 1;
E_0xa1ac01e80/0 .event anyedge, v0xa1b03f520_0, v0xa1b03e800_0, v0xa1b0dd7c0_0, v0xa1b0dd7c0_1;
v0xa1b0dd7c0_2 .array/port v0xa1b0dd7c0, 2;
v0xa1b0dd7c0_3 .array/port v0xa1b0dd7c0, 3;
v0xa1b0dd7c0_4 .array/port v0xa1b0dd7c0, 4;
v0xa1b0dd7c0_5 .array/port v0xa1b0dd7c0, 5;
E_0xa1ac01e80/1 .event anyedge, v0xa1b0dd7c0_2, v0xa1b0dd7c0_3, v0xa1b0dd7c0_4, v0xa1b0dd7c0_5;
v0xa1b0dd7c0_6 .array/port v0xa1b0dd7c0, 6;
v0xa1b0dd7c0_7 .array/port v0xa1b0dd7c0, 7;
v0xa1b0dd7c0_8 .array/port v0xa1b0dd7c0, 8;
v0xa1b0dd7c0_9 .array/port v0xa1b0dd7c0, 9;
E_0xa1ac01e80/2 .event anyedge, v0xa1b0dd7c0_6, v0xa1b0dd7c0_7, v0xa1b0dd7c0_8, v0xa1b0dd7c0_9;
v0xa1b0dd7c0_10 .array/port v0xa1b0dd7c0, 10;
v0xa1b0dd7c0_11 .array/port v0xa1b0dd7c0, 11;
v0xa1b0dd7c0_12 .array/port v0xa1b0dd7c0, 12;
v0xa1b0dd7c0_13 .array/port v0xa1b0dd7c0, 13;
E_0xa1ac01e80/3 .event anyedge, v0xa1b0dd7c0_10, v0xa1b0dd7c0_11, v0xa1b0dd7c0_12, v0xa1b0dd7c0_13;
v0xa1b0dd7c0_14 .array/port v0xa1b0dd7c0, 14;
v0xa1b0dd7c0_15 .array/port v0xa1b0dd7c0, 15;
v0xa1b0dd7c0_16 .array/port v0xa1b0dd7c0, 16;
v0xa1b0dd7c0_17 .array/port v0xa1b0dd7c0, 17;
E_0xa1ac01e80/4 .event anyedge, v0xa1b0dd7c0_14, v0xa1b0dd7c0_15, v0xa1b0dd7c0_16, v0xa1b0dd7c0_17;
v0xa1b0dd7c0_18 .array/port v0xa1b0dd7c0, 18;
v0xa1b0dd7c0_19 .array/port v0xa1b0dd7c0, 19;
v0xa1b0dd7c0_20 .array/port v0xa1b0dd7c0, 20;
v0xa1b0dd7c0_21 .array/port v0xa1b0dd7c0, 21;
E_0xa1ac01e80/5 .event anyedge, v0xa1b0dd7c0_18, v0xa1b0dd7c0_19, v0xa1b0dd7c0_20, v0xa1b0dd7c0_21;
v0xa1b0dd7c0_22 .array/port v0xa1b0dd7c0, 22;
v0xa1b0dd7c0_23 .array/port v0xa1b0dd7c0, 23;
v0xa1b0dd7c0_24 .array/port v0xa1b0dd7c0, 24;
v0xa1b0dd7c0_25 .array/port v0xa1b0dd7c0, 25;
E_0xa1ac01e80/6 .event anyedge, v0xa1b0dd7c0_22, v0xa1b0dd7c0_23, v0xa1b0dd7c0_24, v0xa1b0dd7c0_25;
v0xa1b0dd7c0_26 .array/port v0xa1b0dd7c0, 26;
v0xa1b0dd7c0_27 .array/port v0xa1b0dd7c0, 27;
v0xa1b0dd7c0_28 .array/port v0xa1b0dd7c0, 28;
v0xa1b0dd7c0_29 .array/port v0xa1b0dd7c0, 29;
E_0xa1ac01e80/7 .event anyedge, v0xa1b0dd7c0_26, v0xa1b0dd7c0_27, v0xa1b0dd7c0_28, v0xa1b0dd7c0_29;
v0xa1b0dd7c0_30 .array/port v0xa1b0dd7c0, 30;
v0xa1b0dd7c0_31 .array/port v0xa1b0dd7c0, 31;
v0xa1b0dd7c0_32 .array/port v0xa1b0dd7c0, 32;
v0xa1b0dd7c0_33 .array/port v0xa1b0dd7c0, 33;
E_0xa1ac01e80/8 .event anyedge, v0xa1b0dd7c0_30, v0xa1b0dd7c0_31, v0xa1b0dd7c0_32, v0xa1b0dd7c0_33;
v0xa1b0dd7c0_34 .array/port v0xa1b0dd7c0, 34;
v0xa1b0dd7c0_35 .array/port v0xa1b0dd7c0, 35;
v0xa1b0dd7c0_36 .array/port v0xa1b0dd7c0, 36;
v0xa1b0dd7c0_37 .array/port v0xa1b0dd7c0, 37;
E_0xa1ac01e80/9 .event anyedge, v0xa1b0dd7c0_34, v0xa1b0dd7c0_35, v0xa1b0dd7c0_36, v0xa1b0dd7c0_37;
v0xa1b0dd7c0_38 .array/port v0xa1b0dd7c0, 38;
v0xa1b0dd7c0_39 .array/port v0xa1b0dd7c0, 39;
v0xa1b0dd7c0_40 .array/port v0xa1b0dd7c0, 40;
v0xa1b0dd7c0_41 .array/port v0xa1b0dd7c0, 41;
E_0xa1ac01e80/10 .event anyedge, v0xa1b0dd7c0_38, v0xa1b0dd7c0_39, v0xa1b0dd7c0_40, v0xa1b0dd7c0_41;
v0xa1b0dd7c0_42 .array/port v0xa1b0dd7c0, 42;
v0xa1b0dd7c0_43 .array/port v0xa1b0dd7c0, 43;
v0xa1b0dd7c0_44 .array/port v0xa1b0dd7c0, 44;
v0xa1b0dd7c0_45 .array/port v0xa1b0dd7c0, 45;
E_0xa1ac01e80/11 .event anyedge, v0xa1b0dd7c0_42, v0xa1b0dd7c0_43, v0xa1b0dd7c0_44, v0xa1b0dd7c0_45;
v0xa1b0dd7c0_46 .array/port v0xa1b0dd7c0, 46;
v0xa1b0dd7c0_47 .array/port v0xa1b0dd7c0, 47;
v0xa1b0dd7c0_48 .array/port v0xa1b0dd7c0, 48;
v0xa1b0dd7c0_49 .array/port v0xa1b0dd7c0, 49;
E_0xa1ac01e80/12 .event anyedge, v0xa1b0dd7c0_46, v0xa1b0dd7c0_47, v0xa1b0dd7c0_48, v0xa1b0dd7c0_49;
v0xa1b0dd7c0_50 .array/port v0xa1b0dd7c0, 50;
v0xa1b0dd7c0_51 .array/port v0xa1b0dd7c0, 51;
v0xa1b0dd7c0_52 .array/port v0xa1b0dd7c0, 52;
v0xa1b0dd7c0_53 .array/port v0xa1b0dd7c0, 53;
E_0xa1ac01e80/13 .event anyedge, v0xa1b0dd7c0_50, v0xa1b0dd7c0_51, v0xa1b0dd7c0_52, v0xa1b0dd7c0_53;
v0xa1b0dd7c0_54 .array/port v0xa1b0dd7c0, 54;
v0xa1b0dd7c0_55 .array/port v0xa1b0dd7c0, 55;
v0xa1b0dd7c0_56 .array/port v0xa1b0dd7c0, 56;
v0xa1b0dd7c0_57 .array/port v0xa1b0dd7c0, 57;
E_0xa1ac01e80/14 .event anyedge, v0xa1b0dd7c0_54, v0xa1b0dd7c0_55, v0xa1b0dd7c0_56, v0xa1b0dd7c0_57;
v0xa1b0dd7c0_58 .array/port v0xa1b0dd7c0, 58;
v0xa1b0dd7c0_59 .array/port v0xa1b0dd7c0, 59;
v0xa1b0dd7c0_60 .array/port v0xa1b0dd7c0, 60;
v0xa1b0dd7c0_61 .array/port v0xa1b0dd7c0, 61;
E_0xa1ac01e80/15 .event anyedge, v0xa1b0dd7c0_58, v0xa1b0dd7c0_59, v0xa1b0dd7c0_60, v0xa1b0dd7c0_61;
v0xa1b0dd7c0_62 .array/port v0xa1b0dd7c0, 62;
v0xa1b0dd7c0_63 .array/port v0xa1b0dd7c0, 63;
v0xa1b0dd7c0_64 .array/port v0xa1b0dd7c0, 64;
v0xa1b0dd7c0_65 .array/port v0xa1b0dd7c0, 65;
E_0xa1ac01e80/16 .event anyedge, v0xa1b0dd7c0_62, v0xa1b0dd7c0_63, v0xa1b0dd7c0_64, v0xa1b0dd7c0_65;
v0xa1b0dd7c0_66 .array/port v0xa1b0dd7c0, 66;
v0xa1b0dd7c0_67 .array/port v0xa1b0dd7c0, 67;
v0xa1b0dd7c0_68 .array/port v0xa1b0dd7c0, 68;
v0xa1b0dd7c0_69 .array/port v0xa1b0dd7c0, 69;
E_0xa1ac01e80/17 .event anyedge, v0xa1b0dd7c0_66, v0xa1b0dd7c0_67, v0xa1b0dd7c0_68, v0xa1b0dd7c0_69;
v0xa1b0dd7c0_70 .array/port v0xa1b0dd7c0, 70;
v0xa1b0dd7c0_71 .array/port v0xa1b0dd7c0, 71;
v0xa1b0dd7c0_72 .array/port v0xa1b0dd7c0, 72;
v0xa1b0dd7c0_73 .array/port v0xa1b0dd7c0, 73;
E_0xa1ac01e80/18 .event anyedge, v0xa1b0dd7c0_70, v0xa1b0dd7c0_71, v0xa1b0dd7c0_72, v0xa1b0dd7c0_73;
v0xa1b0dd7c0_74 .array/port v0xa1b0dd7c0, 74;
v0xa1b0dd7c0_75 .array/port v0xa1b0dd7c0, 75;
v0xa1b0dd7c0_76 .array/port v0xa1b0dd7c0, 76;
v0xa1b0dd7c0_77 .array/port v0xa1b0dd7c0, 77;
E_0xa1ac01e80/19 .event anyedge, v0xa1b0dd7c0_74, v0xa1b0dd7c0_75, v0xa1b0dd7c0_76, v0xa1b0dd7c0_77;
v0xa1b0dd7c0_78 .array/port v0xa1b0dd7c0, 78;
v0xa1b0dd7c0_79 .array/port v0xa1b0dd7c0, 79;
v0xa1b0dd7c0_80 .array/port v0xa1b0dd7c0, 80;
v0xa1b0dd7c0_81 .array/port v0xa1b0dd7c0, 81;
E_0xa1ac01e80/20 .event anyedge, v0xa1b0dd7c0_78, v0xa1b0dd7c0_79, v0xa1b0dd7c0_80, v0xa1b0dd7c0_81;
v0xa1b0dd7c0_82 .array/port v0xa1b0dd7c0, 82;
v0xa1b0dd7c0_83 .array/port v0xa1b0dd7c0, 83;
v0xa1b0dd7c0_84 .array/port v0xa1b0dd7c0, 84;
v0xa1b0dd7c0_85 .array/port v0xa1b0dd7c0, 85;
E_0xa1ac01e80/21 .event anyedge, v0xa1b0dd7c0_82, v0xa1b0dd7c0_83, v0xa1b0dd7c0_84, v0xa1b0dd7c0_85;
v0xa1b0dd7c0_86 .array/port v0xa1b0dd7c0, 86;
v0xa1b0dd7c0_87 .array/port v0xa1b0dd7c0, 87;
v0xa1b0dd7c0_88 .array/port v0xa1b0dd7c0, 88;
v0xa1b0dd7c0_89 .array/port v0xa1b0dd7c0, 89;
E_0xa1ac01e80/22 .event anyedge, v0xa1b0dd7c0_86, v0xa1b0dd7c0_87, v0xa1b0dd7c0_88, v0xa1b0dd7c0_89;
v0xa1b0dd7c0_90 .array/port v0xa1b0dd7c0, 90;
v0xa1b0dd7c0_91 .array/port v0xa1b0dd7c0, 91;
v0xa1b0dd7c0_92 .array/port v0xa1b0dd7c0, 92;
v0xa1b0dd7c0_93 .array/port v0xa1b0dd7c0, 93;
E_0xa1ac01e80/23 .event anyedge, v0xa1b0dd7c0_90, v0xa1b0dd7c0_91, v0xa1b0dd7c0_92, v0xa1b0dd7c0_93;
v0xa1b0dd7c0_94 .array/port v0xa1b0dd7c0, 94;
v0xa1b0dd7c0_95 .array/port v0xa1b0dd7c0, 95;
v0xa1b0dd7c0_96 .array/port v0xa1b0dd7c0, 96;
v0xa1b0dd7c0_97 .array/port v0xa1b0dd7c0, 97;
E_0xa1ac01e80/24 .event anyedge, v0xa1b0dd7c0_94, v0xa1b0dd7c0_95, v0xa1b0dd7c0_96, v0xa1b0dd7c0_97;
v0xa1b0dd7c0_98 .array/port v0xa1b0dd7c0, 98;
v0xa1b0dd7c0_99 .array/port v0xa1b0dd7c0, 99;
v0xa1b0dd7c0_100 .array/port v0xa1b0dd7c0, 100;
v0xa1b0dd7c0_101 .array/port v0xa1b0dd7c0, 101;
E_0xa1ac01e80/25 .event anyedge, v0xa1b0dd7c0_98, v0xa1b0dd7c0_99, v0xa1b0dd7c0_100, v0xa1b0dd7c0_101;
v0xa1b0dd7c0_102 .array/port v0xa1b0dd7c0, 102;
v0xa1b0dd7c0_103 .array/port v0xa1b0dd7c0, 103;
v0xa1b0dd7c0_104 .array/port v0xa1b0dd7c0, 104;
v0xa1b0dd7c0_105 .array/port v0xa1b0dd7c0, 105;
E_0xa1ac01e80/26 .event anyedge, v0xa1b0dd7c0_102, v0xa1b0dd7c0_103, v0xa1b0dd7c0_104, v0xa1b0dd7c0_105;
v0xa1b0dd7c0_106 .array/port v0xa1b0dd7c0, 106;
v0xa1b0dd7c0_107 .array/port v0xa1b0dd7c0, 107;
v0xa1b0dd7c0_108 .array/port v0xa1b0dd7c0, 108;
v0xa1b0dd7c0_109 .array/port v0xa1b0dd7c0, 109;
E_0xa1ac01e80/27 .event anyedge, v0xa1b0dd7c0_106, v0xa1b0dd7c0_107, v0xa1b0dd7c0_108, v0xa1b0dd7c0_109;
v0xa1b0dd7c0_110 .array/port v0xa1b0dd7c0, 110;
v0xa1b0dd7c0_111 .array/port v0xa1b0dd7c0, 111;
v0xa1b0dd7c0_112 .array/port v0xa1b0dd7c0, 112;
v0xa1b0dd7c0_113 .array/port v0xa1b0dd7c0, 113;
E_0xa1ac01e80/28 .event anyedge, v0xa1b0dd7c0_110, v0xa1b0dd7c0_111, v0xa1b0dd7c0_112, v0xa1b0dd7c0_113;
v0xa1b0dd7c0_114 .array/port v0xa1b0dd7c0, 114;
v0xa1b0dd7c0_115 .array/port v0xa1b0dd7c0, 115;
v0xa1b0dd7c0_116 .array/port v0xa1b0dd7c0, 116;
v0xa1b0dd7c0_117 .array/port v0xa1b0dd7c0, 117;
E_0xa1ac01e80/29 .event anyedge, v0xa1b0dd7c0_114, v0xa1b0dd7c0_115, v0xa1b0dd7c0_116, v0xa1b0dd7c0_117;
v0xa1b0dd7c0_118 .array/port v0xa1b0dd7c0, 118;
v0xa1b0dd7c0_119 .array/port v0xa1b0dd7c0, 119;
v0xa1b0dd7c0_120 .array/port v0xa1b0dd7c0, 120;
v0xa1b0dd7c0_121 .array/port v0xa1b0dd7c0, 121;
E_0xa1ac01e80/30 .event anyedge, v0xa1b0dd7c0_118, v0xa1b0dd7c0_119, v0xa1b0dd7c0_120, v0xa1b0dd7c0_121;
v0xa1b0dd7c0_122 .array/port v0xa1b0dd7c0, 122;
v0xa1b0dd7c0_123 .array/port v0xa1b0dd7c0, 123;
v0xa1b0dd7c0_124 .array/port v0xa1b0dd7c0, 124;
v0xa1b0dd7c0_125 .array/port v0xa1b0dd7c0, 125;
E_0xa1ac01e80/31 .event anyedge, v0xa1b0dd7c0_122, v0xa1b0dd7c0_123, v0xa1b0dd7c0_124, v0xa1b0dd7c0_125;
v0xa1b0dd7c0_126 .array/port v0xa1b0dd7c0, 126;
v0xa1b0dd7c0_127 .array/port v0xa1b0dd7c0, 127;
v0xa1b0dd7c0_128 .array/port v0xa1b0dd7c0, 128;
v0xa1b0dd7c0_129 .array/port v0xa1b0dd7c0, 129;
E_0xa1ac01e80/32 .event anyedge, v0xa1b0dd7c0_126, v0xa1b0dd7c0_127, v0xa1b0dd7c0_128, v0xa1b0dd7c0_129;
v0xa1b0dd7c0_130 .array/port v0xa1b0dd7c0, 130;
v0xa1b0dd7c0_131 .array/port v0xa1b0dd7c0, 131;
v0xa1b0dd7c0_132 .array/port v0xa1b0dd7c0, 132;
v0xa1b0dd7c0_133 .array/port v0xa1b0dd7c0, 133;
E_0xa1ac01e80/33 .event anyedge, v0xa1b0dd7c0_130, v0xa1b0dd7c0_131, v0xa1b0dd7c0_132, v0xa1b0dd7c0_133;
v0xa1b0dd7c0_134 .array/port v0xa1b0dd7c0, 134;
v0xa1b0dd7c0_135 .array/port v0xa1b0dd7c0, 135;
v0xa1b0dd7c0_136 .array/port v0xa1b0dd7c0, 136;
v0xa1b0dd7c0_137 .array/port v0xa1b0dd7c0, 137;
E_0xa1ac01e80/34 .event anyedge, v0xa1b0dd7c0_134, v0xa1b0dd7c0_135, v0xa1b0dd7c0_136, v0xa1b0dd7c0_137;
v0xa1b0dd7c0_138 .array/port v0xa1b0dd7c0, 138;
v0xa1b0dd7c0_139 .array/port v0xa1b0dd7c0, 139;
v0xa1b0dd7c0_140 .array/port v0xa1b0dd7c0, 140;
v0xa1b0dd7c0_141 .array/port v0xa1b0dd7c0, 141;
E_0xa1ac01e80/35 .event anyedge, v0xa1b0dd7c0_138, v0xa1b0dd7c0_139, v0xa1b0dd7c0_140, v0xa1b0dd7c0_141;
v0xa1b0dd7c0_142 .array/port v0xa1b0dd7c0, 142;
v0xa1b0dd7c0_143 .array/port v0xa1b0dd7c0, 143;
v0xa1b0dd7c0_144 .array/port v0xa1b0dd7c0, 144;
v0xa1b0dd7c0_145 .array/port v0xa1b0dd7c0, 145;
E_0xa1ac01e80/36 .event anyedge, v0xa1b0dd7c0_142, v0xa1b0dd7c0_143, v0xa1b0dd7c0_144, v0xa1b0dd7c0_145;
v0xa1b0dd7c0_146 .array/port v0xa1b0dd7c0, 146;
v0xa1b0dd7c0_147 .array/port v0xa1b0dd7c0, 147;
v0xa1b0dd7c0_148 .array/port v0xa1b0dd7c0, 148;
v0xa1b0dd7c0_149 .array/port v0xa1b0dd7c0, 149;
E_0xa1ac01e80/37 .event anyedge, v0xa1b0dd7c0_146, v0xa1b0dd7c0_147, v0xa1b0dd7c0_148, v0xa1b0dd7c0_149;
v0xa1b0dd7c0_150 .array/port v0xa1b0dd7c0, 150;
v0xa1b0dd7c0_151 .array/port v0xa1b0dd7c0, 151;
v0xa1b0dd7c0_152 .array/port v0xa1b0dd7c0, 152;
v0xa1b0dd7c0_153 .array/port v0xa1b0dd7c0, 153;
E_0xa1ac01e80/38 .event anyedge, v0xa1b0dd7c0_150, v0xa1b0dd7c0_151, v0xa1b0dd7c0_152, v0xa1b0dd7c0_153;
v0xa1b0dd7c0_154 .array/port v0xa1b0dd7c0, 154;
v0xa1b0dd7c0_155 .array/port v0xa1b0dd7c0, 155;
v0xa1b0dd7c0_156 .array/port v0xa1b0dd7c0, 156;
v0xa1b0dd7c0_157 .array/port v0xa1b0dd7c0, 157;
E_0xa1ac01e80/39 .event anyedge, v0xa1b0dd7c0_154, v0xa1b0dd7c0_155, v0xa1b0dd7c0_156, v0xa1b0dd7c0_157;
v0xa1b0dd7c0_158 .array/port v0xa1b0dd7c0, 158;
v0xa1b0dd7c0_159 .array/port v0xa1b0dd7c0, 159;
v0xa1b0dd7c0_160 .array/port v0xa1b0dd7c0, 160;
v0xa1b0dd7c0_161 .array/port v0xa1b0dd7c0, 161;
E_0xa1ac01e80/40 .event anyedge, v0xa1b0dd7c0_158, v0xa1b0dd7c0_159, v0xa1b0dd7c0_160, v0xa1b0dd7c0_161;
v0xa1b0dd7c0_162 .array/port v0xa1b0dd7c0, 162;
v0xa1b0dd7c0_163 .array/port v0xa1b0dd7c0, 163;
v0xa1b0dd7c0_164 .array/port v0xa1b0dd7c0, 164;
v0xa1b0dd7c0_165 .array/port v0xa1b0dd7c0, 165;
E_0xa1ac01e80/41 .event anyedge, v0xa1b0dd7c0_162, v0xa1b0dd7c0_163, v0xa1b0dd7c0_164, v0xa1b0dd7c0_165;
v0xa1b0dd7c0_166 .array/port v0xa1b0dd7c0, 166;
v0xa1b0dd7c0_167 .array/port v0xa1b0dd7c0, 167;
v0xa1b0dd7c0_168 .array/port v0xa1b0dd7c0, 168;
v0xa1b0dd7c0_169 .array/port v0xa1b0dd7c0, 169;
E_0xa1ac01e80/42 .event anyedge, v0xa1b0dd7c0_166, v0xa1b0dd7c0_167, v0xa1b0dd7c0_168, v0xa1b0dd7c0_169;
v0xa1b0dd7c0_170 .array/port v0xa1b0dd7c0, 170;
v0xa1b0dd7c0_171 .array/port v0xa1b0dd7c0, 171;
v0xa1b0dd7c0_172 .array/port v0xa1b0dd7c0, 172;
v0xa1b0dd7c0_173 .array/port v0xa1b0dd7c0, 173;
E_0xa1ac01e80/43 .event anyedge, v0xa1b0dd7c0_170, v0xa1b0dd7c0_171, v0xa1b0dd7c0_172, v0xa1b0dd7c0_173;
v0xa1b0dd7c0_174 .array/port v0xa1b0dd7c0, 174;
v0xa1b0dd7c0_175 .array/port v0xa1b0dd7c0, 175;
v0xa1b0dd7c0_176 .array/port v0xa1b0dd7c0, 176;
v0xa1b0dd7c0_177 .array/port v0xa1b0dd7c0, 177;
E_0xa1ac01e80/44 .event anyedge, v0xa1b0dd7c0_174, v0xa1b0dd7c0_175, v0xa1b0dd7c0_176, v0xa1b0dd7c0_177;
v0xa1b0dd7c0_178 .array/port v0xa1b0dd7c0, 178;
v0xa1b0dd7c0_179 .array/port v0xa1b0dd7c0, 179;
v0xa1b0dd7c0_180 .array/port v0xa1b0dd7c0, 180;
v0xa1b0dd7c0_181 .array/port v0xa1b0dd7c0, 181;
E_0xa1ac01e80/45 .event anyedge, v0xa1b0dd7c0_178, v0xa1b0dd7c0_179, v0xa1b0dd7c0_180, v0xa1b0dd7c0_181;
v0xa1b0dd7c0_182 .array/port v0xa1b0dd7c0, 182;
v0xa1b0dd7c0_183 .array/port v0xa1b0dd7c0, 183;
v0xa1b0dd7c0_184 .array/port v0xa1b0dd7c0, 184;
v0xa1b0dd7c0_185 .array/port v0xa1b0dd7c0, 185;
E_0xa1ac01e80/46 .event anyedge, v0xa1b0dd7c0_182, v0xa1b0dd7c0_183, v0xa1b0dd7c0_184, v0xa1b0dd7c0_185;
v0xa1b0dd7c0_186 .array/port v0xa1b0dd7c0, 186;
v0xa1b0dd7c0_187 .array/port v0xa1b0dd7c0, 187;
v0xa1b0dd7c0_188 .array/port v0xa1b0dd7c0, 188;
v0xa1b0dd7c0_189 .array/port v0xa1b0dd7c0, 189;
E_0xa1ac01e80/47 .event anyedge, v0xa1b0dd7c0_186, v0xa1b0dd7c0_187, v0xa1b0dd7c0_188, v0xa1b0dd7c0_189;
v0xa1b0dd7c0_190 .array/port v0xa1b0dd7c0, 190;
v0xa1b0dd7c0_191 .array/port v0xa1b0dd7c0, 191;
v0xa1b0dd7c0_192 .array/port v0xa1b0dd7c0, 192;
v0xa1b0dd7c0_193 .array/port v0xa1b0dd7c0, 193;
E_0xa1ac01e80/48 .event anyedge, v0xa1b0dd7c0_190, v0xa1b0dd7c0_191, v0xa1b0dd7c0_192, v0xa1b0dd7c0_193;
v0xa1b0dd7c0_194 .array/port v0xa1b0dd7c0, 194;
v0xa1b0dd7c0_195 .array/port v0xa1b0dd7c0, 195;
v0xa1b0dd7c0_196 .array/port v0xa1b0dd7c0, 196;
v0xa1b0dd7c0_197 .array/port v0xa1b0dd7c0, 197;
E_0xa1ac01e80/49 .event anyedge, v0xa1b0dd7c0_194, v0xa1b0dd7c0_195, v0xa1b0dd7c0_196, v0xa1b0dd7c0_197;
v0xa1b0dd7c0_198 .array/port v0xa1b0dd7c0, 198;
v0xa1b0dd7c0_199 .array/port v0xa1b0dd7c0, 199;
v0xa1b0dd7c0_200 .array/port v0xa1b0dd7c0, 200;
v0xa1b0dd7c0_201 .array/port v0xa1b0dd7c0, 201;
E_0xa1ac01e80/50 .event anyedge, v0xa1b0dd7c0_198, v0xa1b0dd7c0_199, v0xa1b0dd7c0_200, v0xa1b0dd7c0_201;
v0xa1b0dd7c0_202 .array/port v0xa1b0dd7c0, 202;
v0xa1b0dd7c0_203 .array/port v0xa1b0dd7c0, 203;
v0xa1b0dd7c0_204 .array/port v0xa1b0dd7c0, 204;
v0xa1b0dd7c0_205 .array/port v0xa1b0dd7c0, 205;
E_0xa1ac01e80/51 .event anyedge, v0xa1b0dd7c0_202, v0xa1b0dd7c0_203, v0xa1b0dd7c0_204, v0xa1b0dd7c0_205;
v0xa1b0dd7c0_206 .array/port v0xa1b0dd7c0, 206;
v0xa1b0dd7c0_207 .array/port v0xa1b0dd7c0, 207;
v0xa1b0dd7c0_208 .array/port v0xa1b0dd7c0, 208;
v0xa1b0dd7c0_209 .array/port v0xa1b0dd7c0, 209;
E_0xa1ac01e80/52 .event anyedge, v0xa1b0dd7c0_206, v0xa1b0dd7c0_207, v0xa1b0dd7c0_208, v0xa1b0dd7c0_209;
v0xa1b0dd7c0_210 .array/port v0xa1b0dd7c0, 210;
v0xa1b0dd7c0_211 .array/port v0xa1b0dd7c0, 211;
v0xa1b0dd7c0_212 .array/port v0xa1b0dd7c0, 212;
v0xa1b0dd7c0_213 .array/port v0xa1b0dd7c0, 213;
E_0xa1ac01e80/53 .event anyedge, v0xa1b0dd7c0_210, v0xa1b0dd7c0_211, v0xa1b0dd7c0_212, v0xa1b0dd7c0_213;
v0xa1b0dd7c0_214 .array/port v0xa1b0dd7c0, 214;
v0xa1b0dd7c0_215 .array/port v0xa1b0dd7c0, 215;
v0xa1b0dd7c0_216 .array/port v0xa1b0dd7c0, 216;
v0xa1b0dd7c0_217 .array/port v0xa1b0dd7c0, 217;
E_0xa1ac01e80/54 .event anyedge, v0xa1b0dd7c0_214, v0xa1b0dd7c0_215, v0xa1b0dd7c0_216, v0xa1b0dd7c0_217;
v0xa1b0dd7c0_218 .array/port v0xa1b0dd7c0, 218;
v0xa1b0dd7c0_219 .array/port v0xa1b0dd7c0, 219;
v0xa1b0dd7c0_220 .array/port v0xa1b0dd7c0, 220;
v0xa1b0dd7c0_221 .array/port v0xa1b0dd7c0, 221;
E_0xa1ac01e80/55 .event anyedge, v0xa1b0dd7c0_218, v0xa1b0dd7c0_219, v0xa1b0dd7c0_220, v0xa1b0dd7c0_221;
v0xa1b0dd7c0_222 .array/port v0xa1b0dd7c0, 222;
v0xa1b0dd7c0_223 .array/port v0xa1b0dd7c0, 223;
v0xa1b0dd7c0_224 .array/port v0xa1b0dd7c0, 224;
v0xa1b0dd7c0_225 .array/port v0xa1b0dd7c0, 225;
E_0xa1ac01e80/56 .event anyedge, v0xa1b0dd7c0_222, v0xa1b0dd7c0_223, v0xa1b0dd7c0_224, v0xa1b0dd7c0_225;
v0xa1b0dd7c0_226 .array/port v0xa1b0dd7c0, 226;
v0xa1b0dd7c0_227 .array/port v0xa1b0dd7c0, 227;
v0xa1b0dd7c0_228 .array/port v0xa1b0dd7c0, 228;
v0xa1b0dd7c0_229 .array/port v0xa1b0dd7c0, 229;
E_0xa1ac01e80/57 .event anyedge, v0xa1b0dd7c0_226, v0xa1b0dd7c0_227, v0xa1b0dd7c0_228, v0xa1b0dd7c0_229;
v0xa1b0dd7c0_230 .array/port v0xa1b0dd7c0, 230;
v0xa1b0dd7c0_231 .array/port v0xa1b0dd7c0, 231;
v0xa1b0dd7c0_232 .array/port v0xa1b0dd7c0, 232;
v0xa1b0dd7c0_233 .array/port v0xa1b0dd7c0, 233;
E_0xa1ac01e80/58 .event anyedge, v0xa1b0dd7c0_230, v0xa1b0dd7c0_231, v0xa1b0dd7c0_232, v0xa1b0dd7c0_233;
v0xa1b0dd7c0_234 .array/port v0xa1b0dd7c0, 234;
v0xa1b0dd7c0_235 .array/port v0xa1b0dd7c0, 235;
v0xa1b0dd7c0_236 .array/port v0xa1b0dd7c0, 236;
v0xa1b0dd7c0_237 .array/port v0xa1b0dd7c0, 237;
E_0xa1ac01e80/59 .event anyedge, v0xa1b0dd7c0_234, v0xa1b0dd7c0_235, v0xa1b0dd7c0_236, v0xa1b0dd7c0_237;
v0xa1b0dd7c0_238 .array/port v0xa1b0dd7c0, 238;
v0xa1b0dd7c0_239 .array/port v0xa1b0dd7c0, 239;
v0xa1b0dd7c0_240 .array/port v0xa1b0dd7c0, 240;
v0xa1b0dd7c0_241 .array/port v0xa1b0dd7c0, 241;
E_0xa1ac01e80/60 .event anyedge, v0xa1b0dd7c0_238, v0xa1b0dd7c0_239, v0xa1b0dd7c0_240, v0xa1b0dd7c0_241;
v0xa1b0dd7c0_242 .array/port v0xa1b0dd7c0, 242;
v0xa1b0dd7c0_243 .array/port v0xa1b0dd7c0, 243;
v0xa1b0dd7c0_244 .array/port v0xa1b0dd7c0, 244;
v0xa1b0dd7c0_245 .array/port v0xa1b0dd7c0, 245;
E_0xa1ac01e80/61 .event anyedge, v0xa1b0dd7c0_242, v0xa1b0dd7c0_243, v0xa1b0dd7c0_244, v0xa1b0dd7c0_245;
v0xa1b0dd7c0_246 .array/port v0xa1b0dd7c0, 246;
v0xa1b0dd7c0_247 .array/port v0xa1b0dd7c0, 247;
v0xa1b0dd7c0_248 .array/port v0xa1b0dd7c0, 248;
v0xa1b0dd7c0_249 .array/port v0xa1b0dd7c0, 249;
E_0xa1ac01e80/62 .event anyedge, v0xa1b0dd7c0_246, v0xa1b0dd7c0_247, v0xa1b0dd7c0_248, v0xa1b0dd7c0_249;
v0xa1b0dd7c0_250 .array/port v0xa1b0dd7c0, 250;
v0xa1b0dd7c0_251 .array/port v0xa1b0dd7c0, 251;
v0xa1b0dd7c0_252 .array/port v0xa1b0dd7c0, 252;
v0xa1b0dd7c0_253 .array/port v0xa1b0dd7c0, 253;
E_0xa1ac01e80/63 .event anyedge, v0xa1b0dd7c0_250, v0xa1b0dd7c0_251, v0xa1b0dd7c0_252, v0xa1b0dd7c0_253;
v0xa1b0dd7c0_254 .array/port v0xa1b0dd7c0, 254;
v0xa1b0dd7c0_255 .array/port v0xa1b0dd7c0, 255;
E_0xa1ac01e80/64 .event anyedge, v0xa1b0dd7c0_254, v0xa1b0dd7c0_255;
E_0xa1ac01e80 .event/or E_0xa1ac01e80/0, E_0xa1ac01e80/1, E_0xa1ac01e80/2, E_0xa1ac01e80/3, E_0xa1ac01e80/4, E_0xa1ac01e80/5, E_0xa1ac01e80/6, E_0xa1ac01e80/7, E_0xa1ac01e80/8, E_0xa1ac01e80/9, E_0xa1ac01e80/10, E_0xa1ac01e80/11, E_0xa1ac01e80/12, E_0xa1ac01e80/13, E_0xa1ac01e80/14, E_0xa1ac01e80/15, E_0xa1ac01e80/16, E_0xa1ac01e80/17, E_0xa1ac01e80/18, E_0xa1ac01e80/19, E_0xa1ac01e80/20, E_0xa1ac01e80/21, E_0xa1ac01e80/22, E_0xa1ac01e80/23, E_0xa1ac01e80/24, E_0xa1ac01e80/25, E_0xa1ac01e80/26, E_0xa1ac01e80/27, E_0xa1ac01e80/28, E_0xa1ac01e80/29, E_0xa1ac01e80/30, E_0xa1ac01e80/31, E_0xa1ac01e80/32, E_0xa1ac01e80/33, E_0xa1ac01e80/34, E_0xa1ac01e80/35, E_0xa1ac01e80/36, E_0xa1ac01e80/37, E_0xa1ac01e80/38, E_0xa1ac01e80/39, E_0xa1ac01e80/40, E_0xa1ac01e80/41, E_0xa1ac01e80/42, E_0xa1ac01e80/43, E_0xa1ac01e80/44, E_0xa1ac01e80/45, E_0xa1ac01e80/46, E_0xa1ac01e80/47, E_0xa1ac01e80/48, E_0xa1ac01e80/49, E_0xa1ac01e80/50, E_0xa1ac01e80/51, E_0xa1ac01e80/52, E_0xa1ac01e80/53, E_0xa1ac01e80/54, E_0xa1ac01e80/55, E_0xa1ac01e80/56, E_0xa1ac01e80/57, E_0xa1ac01e80/58, E_0xa1ac01e80/59, E_0xa1ac01e80/60, E_0xa1ac01e80/61, E_0xa1ac01e80/62, E_0xa1ac01e80/63, E_0xa1ac01e80/64;
E_0xa1ac01ec0 .event posedge, v0xa1b03fd40_0;
S_0xa1acbcf00 .scope module, "MEM_WB" "mem_wb_register" 4 325, 21 3 0, S_0x1033ed640;
 .timescale -9 -12;
    .port_info 0 /INPUT 1 "clk";
    .port_info 1 /INPUT 1 "reset";
    .port_info 2 /INPUT 32 "read_data_in";
    .port_info 3 /INPUT 32 "alu_result_in";
    .port_info 4 /INPUT 32 "pc_plus4_in";
    .port_info 5 /INPUT 5 "rd_in";
    .port_info 6 /INPUT 1 "RegWrite_in";
    .port_info 7 /INPUT 1 "MemtoReg_in";
    .port_info 8 /INPUT 1 "Jump_in";
    .port_info 9 /OUTPUT 32 "read_data_out";
    .port_info 10 /OUTPUT 32 "alu_result_out";
    .port_info 11 /OUTPUT 32 "pc_plus4_out";
    .port_info 12 /OUTPUT 5 "rd_out";
    .port_info 13 /OUTPUT 1 "RegWrite_out";
    .port_info 14 /OUTPUT 1 "MemtoReg_out";
    .port_info 15 /OUTPUT 1 "Jump_out";
v0xa1b0ddd60_0 .net "Jump_in", 0 0, v0xa1b03f3e0_0;  alias, 1 drivers
v0xa1b0dde00_0 .var "Jump_out", 0 0;
v0xa1b0ddea0_0 .net "MemtoReg_in", 0 0, v0xa1b03f7a0_0;  alias, 1 drivers
v0xa1b0ddf40_0 .var "MemtoReg_out", 0 0;
v0xa1b0ddfe0_0 .net "RegWrite_in", 0 0, v0xa1b03f8e0_0;  alias, 1 drivers
v0xa1b0de080_0 .var "RegWrite_out", 0 0;
v0xa1b0de120_0 .net "alu_result_in", 31 0, v0xa1b03fa20_0;  alias, 1 drivers
v0xa1b0de1c0_0 .var "alu_result_out", 31 0;
v0xa1b0de260_0 .net "clk", 0 0, v0xa1b0e5f40_0;  alias, 1 drivers
v0xa1b0de300_0 .net "pc_plus4_in", 31 0, v0xa1b03fe80_0;  alias, 1 drivers
v0xa1b0de3a0_0 .var "pc_plus4_out", 31 0;
v0xa1b0de440_0 .net "rd_in", 4 0, v0xa1b0d8000_0;  alias, 1 drivers
v0xa1b0de4e0_0 .var "rd_out", 4 0;
v0xa1b0de580_0 .net "read_data_in", 31 0, v0xa1b0dd860_0;  alias, 1 drivers
v0xa1b0de620_0 .var "read_data_out", 31 0;
v0xa1b0de6c0_0 .net "reset", 0 0, v0xa1b0e5fe0_0;  alias, 1 drivers
S_0xa1acbd080 .scope module, "PC" "program_counter" 4 81, 22 3 0, S_0x1033ed640;
 .timescale -9 -12;
    .port_info 0 /INPUT 1 "clk";
    .port_info 1 /INPUT 1 "reset";
    .port_info 2 /INPUT 32 "next_pc";
    .port_info 3 /INPUT 1 "pc_write";
    .port_info 4 /OUTPUT 32 "pc";
v0xa1b0de760_0 .net "clk", 0 0, v0xa1b0e5f40_0;  alias, 1 drivers
v0xa1b0de800_0 .net "next_pc", 31 0, L_0xa1b0e6080;  alias, 1 drivers
v0xa1b0de8a0_0 .var "pc", 31 0;
v0xa1b0de940_0 .net "pc_write", 0 0, L_0x1033ef860;  alias, 1 drivers
v0xa1b0de9e0_0 .net "reset", 0 0, v0xa1b0e5fe0_0;  alias, 1 drivers
S_0xa1acbd200 .scope module, "WB" "wb_stage" 4 352, 23 3 0, S_0x1033ed640;
 .timescale -9 -12;
    .port_info 0 /INPUT 32 "read_data";
    .port_info 1 /INPUT 32 "alu_result";
    .port_info 2 /INPUT 32 "pc_plus4";
    .port_info 3 /INPUT 1 "MemtoReg";
    .port_info 4 /INPUT 1 "Jump";
    .port_info 5 /OUTPUT 32 "write_back_data";
v0xa1b0dea80_0 .net "Jump", 0 0, v0xa1b0dde00_0;  alias, 1 drivers
v0xa1b0deb20_0 .net "MemtoReg", 0 0, v0xa1b0ddf40_0;  alias, 1 drivers
v0xa1b0debc0_0 .net *"_ivl_0", 31 0, L_0xa1b0e7020;  1 drivers
v0xa1b0dec60_0 .net "alu_result", 31 0, v0xa1b0de1c0_0;  alias, 1 drivers
v0xa1b0ded00_0 .net "pc_plus4", 31 0, v0xa1b0de3a0_0;  alias, 1 drivers
v0xa1b0deda0_0 .net "read_data", 31 0, v0xa1b0de620_0;  alias, 1 drivers
v0xa1b0dee40_0 .net "write_back_data", 31 0, L_0xa1b0e70c0;  alias, 1 drivers
L_0xa1b0e7020 .functor MUXZ 32, v0xa1b0de1c0_0, v0xa1b0de620_0, v0xa1b0ddf40_0, C4<>;
L_0xa1b0e70c0 .functor MUXZ 32, L_0xa1b0e7020, v0xa1b0de3a0_0, v0xa1b0dde00_0, C4<>;
    .scope S_0xa1acbd080;
T_0 ;
    %wait E_0xa1ac01740;
    %load/vec4 v0xa1b0de9e0_0;
    %flag_set/vec4 8;
    %jmp/0xz  T_0.0, 8;
    %pushi/vec4 0, 0, 32;
    %assign/vec4 v0xa1b0de8a0_0, 0;
    %jmp T_0.1;
T_0.0 ;
    %load/vec4 v0xa1b0de940_0;
    %flag_set/vec4 8;
    %jmp/0xz  T_0.2, 8;
    %load/vec4 v0xa1b0de800_0;
    %assign/vec4 v0xa1b0de8a0_0, 0;
T_0.2 ;
T_0.1 ;
    %jmp T_0;
    .thread T_0;
    .scope S_0xa1acbca80;
T_1 ;
    %pushi/vec4 8388847, 0, 32;
    %ix/load 4, 0, 0;
    %flag_set/imm 4, 0;
    %store/vec4a v0xa1b0dd400, 4, 0;
    %pushi/vec4 1048851, 0, 32;
    %ix/load 4, 1, 0;
    %flag_set/imm 4, 0;
    %store/vec4a v0xa1b0dd400, 4, 0;
    %pushi/vec4 103809427, 0, 32;
    %ix/load 4, 2, 0;
    %flag_set/imm 4, 0;
    %store/vec4a v0xa1b0dd400, 4, 0;
    %end;
    .thread T_1;
    .scope S_0xa1acbc900;
T_2 ;
    %wait E_0xa1ac01740;
    %load/vec4 v0xa1b0dd0e0_0;
    %flag_set/vec4 8;
    %jmp/0xz  T_2.0, 8;
    %pushi/vec4 0, 0, 32;
    %assign/vec4 v0xa1b0dd040_0, 0;
    %pushi/vec4 0, 0, 32;
    %assign/vec4 v0xa1b0dcf00_0, 0;
    %jmp T_2.1;
T_2.0 ;
    %load/vec4 v0xa1b0dcdc0_0;
    %flag_set/vec4 8;
    %jmp/0xz  T_2.2, 8;
    %pushi/vec4 0, 0, 32;
    %assign/vec4 v0xa1b0dd040_0, 0;
    %pushi/vec4 0, 0, 32;
    %assign/vec4 v0xa1b0dcf00_0, 0;
    %jmp T_2.3;
T_2.2 ;
    %load/vec4 v0xa1b0dd180_0;
    %nor/r;
    %flag_set/vec4 8;
    %jmp/0xz  T_2.4, 8;
    %load/vec4 v0xa1b0dcfa0_0;
    %assign/vec4 v0xa1b0dd040_0, 0;
    %load/vec4 v0xa1b0dce60_0;
    %assign/vec4 v0xa1b0dcf00_0, 0;
T_2.4 ;
T_2.3 ;
T_2.1 ;
    %jmp T_2;
    .thread T_2;
    .scope S_0xa1acbc600;
T_3 ;
    %wait E_0xa1ac01740;
    %load/vec4 v0xa1b0da4e0_0;
    %flag_set/vec4 8;
    %jmp/0xz  T_3.0, 8;
    %pushi/vec4 0, 0, 32;
    %store/vec4 v0xa1b0da1c0_0, 0, 32;
T_3.2 ; Top of for-loop
    %load/vec4 v0xa1b0da1c0_0;
    %cmpi/s 32, 0, 32;
	  %jmp/0xz T_3.3, 5;
    %pushi/vec4 0, 0, 32;
    %ix/getv/s 3, v0xa1b0da1c0_0;
    %ix/load 4, 0, 0; Constant delay
    %assign/vec4/a/d v0xa1b0da440, 0, 4;
T_3.4 ; for-loop step statement
    %load/vec4 v0xa1b0da1c0_0;
    %addi 1, 0, 32;
    %store/vec4 v0xa1b0da1c0_0, 0, 32;
    %jmp T_3.2;
T_3.3 ; for-loop exit label
    %jmp T_3.1;
T_3.0 ;
    %load/vec4 v0xa1b0da6c0_0;
    %flag_set/vec4 9;
    %flag_get/vec4 9;
    %jmp/0 T_3.7, 9;
    %load/vec4 v0xa1b0da260_0;
    %pushi/vec4 0, 0, 5;
    %cmp/ne;
    %flag_get/vec4 4;
    %and;
T_3.7;
    %flag_set/vec4 8;
    %jmp/0xz  T_3.5, 8;
    %load/vec4 v0xa1b0da760_0;
    %load/vec4 v0xa1b0da260_0;
    %pad/u 7;
    %ix/vec4 3;
    %ix/load 4, 0, 0; Constant delay
    %assign/vec4/a/d v0xa1b0da440, 0, 4;
T_3.5 ;
T_3.1 ;
    %jmp T_3;
    .thread T_3;
    .scope S_0xa1acbc300;
T_4 ;
    %wait E_0xa1ac01880;
    %pushi/vec4 0, 0, 1;
    %store/vec4 v0xa1b0d8f00_0, 0, 1;
    %pushi/vec4 0, 0, 1;
    %store/vec4 v0xa1b0d8b40_0, 0, 1;
    %pushi/vec4 0, 0, 1;
    %store/vec4 v0xa1b0d8d20_0, 0, 1;
    %pushi/vec4 0, 0, 1;
    %store/vec4 v0xa1b0d8dc0_0, 0, 1;
    %pushi/vec4 0, 0, 1;
    %store/vec4 v0xa1b0d8e60_0, 0, 1;
    %pushi/vec4 0, 0, 1;
    %store/vec4 v0xa1b0d8be0_0, 0, 1;
    %pushi/vec4 0, 0, 1;
    %store/vec4 v0xa1b0d8c80_0, 0, 1;
    %pushi/vec4 0, 0, 2;
    %store/vec4 v0xa1b0d8aa0_0, 0, 2;
    %load/vec4 v0xa1b0d8fa0_0;
    %dup/vec4;
    %pushi/vec4 51, 0, 7;
    %cmp/u;
    %jmp/1 T_4.0, 6;
    %dup/vec4;
    %pushi/vec4 19, 0, 7;
    %cmp/u;
    %jmp/1 T_4.1, 6;
    %dup/vec4;
    %pushi/vec4 3, 0, 7;
    %cmp/u;
    %jmp/1 T_4.2, 6;
    %dup/vec4;
    %pushi/vec4 35, 0, 7;
    %cmp/u;
    %jmp/1 T_4.3, 6;
    %dup/vec4;
    %pushi/vec4 99, 0, 7;
    %cmp/u;
    %jmp/1 T_4.4, 6;
    %dup/vec4;
    %pushi/vec4 111, 0, 7;
    %cmp/u;
    %jmp/1 T_4.5, 6;
    %dup/vec4;
    %pushi/vec4 55, 0, 7;
    %cmp/u;
    %jmp/1 T_4.6, 6;
    %jmp T_4.7;
T_4.0 ;
    %pushi/vec4 1, 0, 1;
    %store/vec4 v0xa1b0d8f00_0, 0, 1;
    %pushi/vec4 2, 0, 2;
    %store/vec4 v0xa1b0d8aa0_0, 0, 2;
    %jmp T_4.7;
T_4.1 ;
    %pushi/vec4 1, 0, 1;
    %store/vec4 v0xa1b0d8f00_0, 0, 1;
    %pushi/vec4 1, 0, 1;
    %store/vec4 v0xa1b0d8b40_0, 0, 1;
    %pushi/vec4 2, 0, 2;
    %store/vec4 v0xa1b0d8aa0_0, 0, 2;
    %jmp T_4.7;
T_4.2 ;
    %pushi/vec4 1, 0, 1;
    %store/vec4 v0xa1b0d8f00_0, 0, 1;
    %pushi/vec4 1, 0, 1;
    %store/vec4 v0xa1b0d8b40_0, 0, 1;
    %pushi/vec4 1, 0, 1;
    %store/vec4 v0xa1b0d8d20_0, 0, 1;
    %pushi/vec4 1, 0, 1;
    %store/vec4 v0xa1b0d8e60_0, 0, 1;
    %pushi/vec4 0, 0, 2;
    %store/vec4 v0xa1b0d8aa0_0, 0, 2;
    %jmp T_4.7;
T_4.3 ;
    %pushi/vec4 1, 0, 1;
    %store/vec4 v0xa1b0d8b40_0, 0, 1;
    %pushi/vec4 1, 0, 1;
    %store/vec4 v0xa1b0d8dc0_0, 0, 1;
    %pushi/vec4 0, 0, 2;
    %store/vec4 v0xa1b0d8aa0_0, 0, 2;
    %jmp T_4.7;
T_4.4 ;
    %pushi/vec4 1, 0, 1;
    %store/vec4 v0xa1b0d8be0_0, 0, 1;
    %pushi/vec4 1, 0, 2;
    %store/vec4 v0xa1b0d8aa0_0, 0, 2;
    %jmp T_4.7;
T_4.5 ;
    %pushi/vec4 1, 0, 1;
    %store/vec4 v0xa1b0d8c80_0, 0, 1;
    %pushi/vec4 1, 0, 1;
    %store/vec4 v0xa1b0d8f00_0, 0, 1;
    %jmp T_4.7;
T_4.6 ;
    %pushi/vec4 1, 0, 1;
    %store/vec4 v0xa1b0d8f00_0, 0, 1;
    %pushi/vec4 1, 0, 1;
    %store/vec4 v0xa1b0d8b40_0, 0, 1;
    %jmp T_4.7;
T_4.7 ;
    %pop/vec4 1;
    %jmp T_4;
    .thread T_4, $push;
    .scope S_0xa1acbc480;
T_5 ;
    %wait E_0xa1ac01900;
    %load/vec4 v0xa1b0d9180_0;
    %dup/vec4;
    %pushi/vec4 19, 0, 7;
    %cmp/u;
    %jmp/1 T_5.0, 6;
    %dup/vec4;
    %pushi/vec4 3, 0, 7;
    %cmp/u;
    %jmp/1 T_5.1, 6;
    %dup/vec4;
    %pushi/vec4 35, 0, 7;
    %cmp/u;
    %jmp/1 T_5.2, 6;
    %dup/vec4;
    %pushi/vec4 99, 0, 7;
    %cmp/u;
    %jmp/1 T_5.3, 6;
    %dup/vec4;
    %pushi/vec4 55, 0, 7;
    %cmp/u;
    %jmp/1 T_5.4, 6;
    %dup/vec4;
    %pushi/vec4 23, 0, 7;
    %cmp/u;
    %jmp/1 T_5.5, 6;
    %dup/vec4;
    %pushi/vec4 111, 0, 7;
    %cmp/u;
    %jmp/1 T_5.6, 6;
    %pushi/vec4 0, 0, 32;
    %store/vec4 v0xa1b0d9040_0, 0, 32;
    %jmp T_5.8;
T_5.0 ;
    %load/vec4 v0xa1b0d90e0_0;
    %parti/s 1, 31, 6;
    %replicate 20;
    %load/vec4 v0xa1b0d90e0_0;
    %parti/s 12, 20, 6;
    %concat/vec4; draw_concat_vec4
    %store/vec4 v0xa1b0d9040_0, 0, 32;
    %jmp T_5.8;
T_5.1 ;
    %load/vec4 v0xa1b0d90e0_0;
    %parti/s 1, 31, 6;
    %replicate 20;
    %load/vec4 v0xa1b0d90e0_0;
    %parti/s 12, 20, 6;
    %concat/vec4; draw_concat_vec4
    %store/vec4 v0xa1b0d9040_0, 0, 32;
    %jmp T_5.8;
T_5.2 ;
    %load/vec4 v0xa1b0d90e0_0;
    %parti/s 1, 31, 6;
    %replicate 20;
    %load/vec4 v0xa1b0d90e0_0;
    %parti/s 7, 25, 6;
    %concat/vec4; draw_concat_vec4
    %load/vec4 v0xa1b0d90e0_0;
    %parti/s 5, 7, 4;
    %concat/vec4; draw_concat_vec4
    %store/vec4 v0xa1b0d9040_0, 0, 32;
    %jmp T_5.8;
T_5.3 ;
    %load/vec4 v0xa1b0d90e0_0;
    %parti/s 1, 31, 6;
    %replicate 19;
    %load/vec4 v0xa1b0d90e0_0;
    %parti/s 1, 31, 6;
    %concat/vec4; draw_concat_vec4
    %load/vec4 v0xa1b0d90e0_0;
    %parti/s 1, 7, 4;
    %concat/vec4; draw_concat_vec4
    %load/vec4 v0xa1b0d90e0_0;
    %parti/s 6, 25, 6;
    %concat/vec4; draw_concat_vec4
    %load/vec4 v0xa1b0d90e0_0;
    %parti/s 4, 8, 5;
    %concat/vec4; draw_concat_vec4
    %concati/vec4 0, 0, 1;
    %store/vec4 v0xa1b0d9040_0, 0, 32;
    %jmp T_5.8;
T_5.4 ;
    %load/vec4 v0xa1b0d90e0_0;
    %parti/s 20, 12, 5;
    %concati/vec4 0, 0, 12;
    %store/vec4 v0xa1b0d9040_0, 0, 32;
    %jmp T_5.8;
T_5.5 ;
    %load/vec4 v0xa1b0d90e0_0;
    %parti/s 20, 12, 5;
    %concati/vec4 0, 0, 12;
    %store/vec4 v0xa1b0d9040_0, 0, 32;
    %jmp T_5.8;
T_5.6 ;
    %load/vec4 v0xa1b0d90e0_0;
    %parti/s 1, 31, 6;
    %replicate 11;
    %load/vec4 v0xa1b0d90e0_0;
    %parti/s 1, 31, 6;
    %concat/vec4; draw_concat_vec4
    %load/vec4 v0xa1b0d90e0_0;
    %parti/s 8, 12, 5;
    %concat/vec4; draw_concat_vec4
    %load/vec4 v0xa1b0d90e0_0;
    %parti/s 1, 20, 6;
    %concat/vec4; draw_concat_vec4
    %load/vec4 v0xa1b0d90e0_0;
    %parti/s 10, 21, 6;
    %concat/vec4; draw_concat_vec4
    %concati/vec4 0, 0, 1;
    %store/vec4 v0xa1b0d9040_0, 0, 32;
    %jmp T_5.8;
T_5.8 ;
    %pop/vec4 1;
    %jmp T_5;
    .thread T_5, $push;
    .scope S_0xa1acbc000;
T_6 ;
    %wait E_0xa1ac01840;
    %load/vec4 v0xa1b0d8780_0;
    %flag_set/vec4 10;
    %flag_get/vec4 10;
    %jmp/0 T_6.3, 10;
    %load/vec4 v0xa1b0d8820_0;
    %pushi/vec4 0, 0, 5;
    %cmp/ne;
    %flag_get/vec4 4;
    %and;
T_6.3;
    %flag_set/vec4 9;
    %flag_get/vec4 9;
    %jmp/0 T_6.2, 9;
    %load/vec4 v0xa1b0d8820_0;
    %load/vec4 v0xa1b0d88c0_0;
    %cmp/e;
    %flag_get/vec4 4;
    %jmp/1 T_6.4, 4;
    %load/vec4 v0xa1b0d8820_0;
    %load/vec4 v0xa1b0d8960_0;
    %cmp/e;
    %flag_get/vec4 4;
    %or;
T_6.4;
    %and;
T_6.2;
    %flag_set/vec4 8;
    %jmp/0xz  T_6.0, 8;
    %pushi/vec4 1, 0, 1;
    %store/vec4 v0xa1b0d8a00_0, 0, 1;
    %jmp T_6.1;
T_6.0 ;
    %pushi/vec4 0, 0, 1;
    %store/vec4 v0xa1b0d8a00_0, 0, 1;
T_6.1 ;
    %jmp T_6;
    .thread T_6, $push;
    .scope S_0xa1acbc780;
T_7 ;
    %wait E_0xa1ac01740;
    %load/vec4 v0xa1b0dca00_0;
    %flag_set/vec4 8;
    %jmp/1 T_7.2, 8;
    %load/vec4 v0xa1b0dc0a0_0;
    %flag_set/vec4 9;
    %flag_or 8, 9;
T_7.2;
    %jmp/0xz  T_7.0, 8;
    %pushi/vec4 0, 0, 32;
    %assign/vec4 v0xa1b0dc5a0_0, 0;
    %pushi/vec4 0, 0, 32;
    %assign/vec4 v0xa1b0dc820_0, 0;
    %pushi/vec4 0, 0, 32;
    %assign/vec4 v0xa1b0dc960_0, 0;
    %pushi/vec4 0, 0, 32;
    %assign/vec4 v0xa1b0dc460_0, 0;
    %pushi/vec4 0, 0, 5;
    %assign/vec4 v0xa1b0dcb40_0, 0;
    %pushi/vec4 0, 0, 5;
    %assign/vec4 v0xa1b0dcc80_0, 0;
    %pushi/vec4 0, 0, 5;
    %assign/vec4 v0xa1b0dc6e0_0, 0;
    %pushi/vec4 0, 0, 3;
    %assign/vec4 v0xa1b0dc1e0_0, 0;
    %pushi/vec4 0, 0, 7;
    %assign/vec4 v0xa1b0dc320_0, 0;
    %pushi/vec4 0, 0, 1;
    %assign/vec4 v0xa1b0dbf20_0, 0;
    %pushi/vec4 0, 0, 1;
    %assign/vec4 v0xa1b0db7a0_0, 0;
    %pushi/vec4 0, 0, 1;
    %assign/vec4 v0xa1b0dbb60_0, 0;
    %pushi/vec4 0, 0, 1;
    %assign/vec4 v0xa1b0dbca0_0, 0;
    %pushi/vec4 0, 0, 1;
    %assign/vec4 v0xa1b0dbde0_0, 0;
    %pushi/vec4 0, 0, 1;
    %assign/vec4 v0xa1b0db8e0_0, 0;
    %pushi/vec4 0, 0, 1;
    %assign/vec4 v0xa1b0dba20_0, 0;
    %pushi/vec4 0, 0, 2;
    %assign/vec4 v0xa1b0db660_0, 0;
    %jmp T_7.1;
T_7.0 ;
    %load/vec4 v0xa1b0dc500_0;
    %assign/vec4 v0xa1b0dc5a0_0, 0;
    %load/vec4 v0xa1b0dc780_0;
    %assign/vec4 v0xa1b0dc820_0, 0;
    %load/vec4 v0xa1b0dc8c0_0;
    %assign/vec4 v0xa1b0dc960_0, 0;
    %load/vec4 v0xa1b0dc3c0_0;
    %assign/vec4 v0xa1b0dc460_0, 0;
    %load/vec4 v0xa1b0dcaa0_0;
    %assign/vec4 v0xa1b0dcb40_0, 0;
    %load/vec4 v0xa1b0dcbe0_0;
    %assign/vec4 v0xa1b0dcc80_0, 0;
    %load/vec4 v0xa1b0dc640_0;
    %assign/vec4 v0xa1b0dc6e0_0, 0;
    %load/vec4 v0xa1b0dc140_0;
    %assign/vec4 v0xa1b0dc1e0_0, 0;
    %load/vec4 v0xa1b0dc280_0;
    %assign/vec4 v0xa1b0dc320_0, 0;
    %load/vec4 v0xa1b0dbe80_0;
    %assign/vec4 v0xa1b0dbf20_0, 0;
    %load/vec4 v0xa1b0db700_0;
    %assign/vec4 v0xa1b0db7a0_0, 0;
    %load/vec4 v0xa1b0dbac0_0;
    %assign/vec4 v0xa1b0dbb60_0, 0;
    %load/vec4 v0xa1b0dbc00_0;
    %assign/vec4 v0xa1b0dbca0_0, 0;
    %load/vec4 v0xa1b0dbd40_0;
    %assign/vec4 v0xa1b0dbde0_0, 0;
    %load/vec4 v0xa1b0db840_0;
    %assign/vec4 v0xa1b0db8e0_0, 0;
    %load/vec4 v0xa1b0db980_0;
    %assign/vec4 v0xa1b0dba20_0, 0;
    %load/vec4 v0xa1b0db5c0_0;
    %assign/vec4 v0xa1b0db660_0, 0;
T_7.1 ;
    %jmp T_7;
    .thread T_7;
    .scope S_0x1033e1860;
T_8 ;
    %wait E_0xa1ac01800;
    %load/vec4 v0xa1b0d8320_0;
    %flag_set/vec4 10;
    %flag_get/vec4 10;
    %jmp/0 T_8.3, 10;
    %load/vec4 v0xa1b0d8280_0;
    %pushi/vec4 0, 0, 5;
    %cmp/ne;
    %flag_get/vec4 4;
    %and;
T_8.3;
    %flag_set/vec4 9;
    %flag_get/vec4 9;
    %jmp/0 T_8.2, 9;
    %load/vec4 v0xa1b0d8280_0;
    %load/vec4 v0xa1b0d8500_0;
    %cmp/e;
    %flag_get/vec4 4;
    %and;
T_8.2;
    %flag_set/vec4 8;
    %jmp/0xz  T_8.0, 8;
    %pushi/vec4 2, 0, 2;
    %store/vec4 v0xa1b0d83c0_0, 0, 2;
    %jmp T_8.1;
T_8.0 ;
    %load/vec4 v0xa1b0d86e0_0;
    %flag_set/vec4 10;
    %flag_get/vec4 10;
    %jmp/0 T_8.7, 10;
    %load/vec4 v0xa1b0d8640_0;
    %pushi/vec4 0, 0, 5;
    %cmp/ne;
    %flag_get/vec4 4;
    %and;
T_8.7;
    %flag_set/vec4 9;
    %flag_get/vec4 9;
    %jmp/0 T_8.6, 9;
    %load/vec4 v0xa1b0d8640_0;
    %load/vec4 v0xa1b0d8500_0;
    %cmp/e;
    %flag_get/vec4 4;
    %and;
T_8.6;
    %flag_set/vec4 8;
    %jmp/0xz  T_8.4, 8;
    %pushi/vec4 1, 0, 2;
    %store/vec4 v0xa1b0d83c0_0, 0, 2;
    %jmp T_8.5;
T_8.4 ;
    %pushi/vec4 0, 0, 2;
    %store/vec4 v0xa1b0d83c0_0, 0, 2;
T_8.5 ;
T_8.1 ;
    %load/vec4 v0xa1b0d8320_0;
    %flag_set/vec4 10;
    %flag_get/vec4 10;
    %jmp/0 T_8.11, 10;
    %load/vec4 v0xa1b0d8280_0;
    %pushi/vec4 0, 0, 5;
    %cmp/ne;
    %flag_get/vec4 4;
    %and;
T_8.11;
    %flag_set/vec4 9;
    %flag_get/vec4 9;
    %jmp/0 T_8.10, 9;
    %load/vec4 v0xa1b0d8280_0;
    %load/vec4 v0xa1b0d85a0_0;
    %cmp/e;
    %flag_get/vec4 4;
    %and;
T_8.10;
    %flag_set/vec4 8;
    %jmp/0xz  T_8.8, 8;
    %pushi/vec4 2, 0, 2;
    %store/vec4 v0xa1b0d8460_0, 0, 2;
    %jmp T_8.9;
T_8.8 ;
    %load/vec4 v0xa1b0d86e0_0;
    %flag_set/vec4 10;
    %flag_get/vec4 10;
    %jmp/0 T_8.15, 10;
    %load/vec4 v0xa1b0d8640_0;
    %pushi/vec4 0, 0, 5;
    %cmp/ne;
    %flag_get/vec4 4;
    %and;
T_8.15;
    %flag_set/vec4 9;
    %flag_get/vec4 9;
    %jmp/0 T_8.14, 9;
    %load/vec4 v0xa1b0d8640_0;
    %load/vec4 v0xa1b0d85a0_0;
    %cmp/e;
    %flag_get/vec4 4;
    %and;
T_8.14;
    %flag_set/vec4 8;
    %jmp/0xz  T_8.12, 8;
    %pushi/vec4 1, 0, 2;
    %store/vec4 v0xa1b0d8460_0, 0, 2;
    %jmp T_8.13;
T_8.12 ;
    %pushi/vec4 0, 0, 2;
    %store/vec4 v0xa1b0d8460_0, 0, 2;
T_8.13 ;
T_8.9 ;
    %jmp T_8;
    .thread T_8, $push;
    .scope S_0x1033e5170;
T_9 ;
    %wait E_0xa1ac01640;
    %load/vec4 v0xa1b03cb40_0;
    %dup/vec4;
    %pushi/vec4 0, 0, 2;
    %cmp/u;
    %jmp/1 T_9.0, 6;
    %dup/vec4;
    %pushi/vec4 1, 0, 2;
    %cmp/u;
    %jmp/1 T_9.1, 6;
    %dup/vec4;
    %pushi/vec4 2, 0, 2;
    %cmp/u;
    %jmp/1 T_9.2, 6;
    %pushi/vec4 0, 0, 4;
    %store/vec4 v0xa1b03caa0_0, 0, 4;
    %jmp T_9.4;
T_9.0 ;
    %pushi/vec4 0, 0, 4;
    %store/vec4 v0xa1b03caa0_0, 0, 4;
    %jmp T_9.4;
T_9.1 ;
    %pushi/vec4 1, 0, 4;
    %store/vec4 v0xa1b03caa0_0, 0, 4;
    %jmp T_9.4;
T_9.2 ;
    %load/vec4 v0xa1b03da40_0;
    %dup/vec4;
    %pushi/vec4 0, 0, 3;
    %cmp/u;
    %jmp/1 T_9.5, 6;
    %dup/vec4;
    %pushi/vec4 7, 0, 3;
    %cmp/u;
    %jmp/1 T_9.6, 6;
    %dup/vec4;
    %pushi/vec4 6, 0, 3;
    %cmp/u;
    %jmp/1 T_9.7, 6;
    %dup/vec4;
    %pushi/vec4 4, 0, 3;
    %cmp/u;
    %jmp/1 T_9.8, 6;
    %dup/vec4;
    %pushi/vec4 1, 0, 3;
    %cmp/u;
    %jmp/1 T_9.9, 6;
    %dup/vec4;
    %pushi/vec4 5, 0, 3;
    %cmp/u;
    %jmp/1 T_9.10, 6;
    %dup/vec4;
    %pushi/vec4 2, 0, 3;
    %cmp/u;
    %jmp/1 T_9.11, 6;
    %pushi/vec4 0, 0, 4;
    %store/vec4 v0xa1b03caa0_0, 0, 4;
    %jmp T_9.13;
T_9.5 ;
    %load/vec4 v0xa1b03dae0_0;
    %cmpi/e 32, 0, 7;
    %jmp/0xz  T_9.14, 4;
    %pushi/vec4 1, 0, 4;
    %store/vec4 v0xa1b03caa0_0, 0, 4;
    %jmp T_9.15;
T_9.14 ;
    %pushi/vec4 0, 0, 4;
    %store/vec4 v0xa1b03caa0_0, 0, 4;
T_9.15 ;
    %jmp T_9.13;
T_9.6 ;
    %pushi/vec4 2, 0, 4;
    %store/vec4 v0xa1b03caa0_0, 0, 4;
    %jmp T_9.13;
T_9.7 ;
    %pushi/vec4 3, 0, 4;
    %store/vec4 v0xa1b03caa0_0, 0, 4;
    %jmp T_9.13;
T_9.8 ;
    %pushi/vec4 4, 0, 4;
    %store/vec4 v0xa1b03caa0_0, 0, 4;
    %jmp T_9.13;
T_9.9 ;
    %pushi/vec4 5, 0, 4;
    %store/vec4 v0xa1b03caa0_0, 0, 4;
    %jmp T_9.13;
T_9.10 ;
    %pushi/vec4 6, 0, 4;
    %store/vec4 v0xa1b03caa0_0, 0, 4;
    %jmp T_9.13;
T_9.11 ;
    %pushi/vec4 7, 0, 4;
    %store/vec4 v0xa1b03caa0_0, 0, 4;
    %jmp T_9.13;
T_9.13 ;
    %pop/vec4 1;
    %jmp T_9.4;
T_9.4 ;
    %pop/vec4 1;
    %jmp T_9;
    .thread T_9, $push;
    .scope S_0x1033e4310;
T_10 ;
    %wait E_0xa1ac01680;
    %load/vec4 v0xa1b03d5e0_0;
    %dup/vec4;
    %pushi/vec4 0, 0, 4;
    %cmp/u;
    %jmp/1 T_10.0, 6;
    %dup/vec4;
    %pushi/vec4 1, 0, 4;
    %cmp/u;
    %jmp/1 T_10.1, 6;
    %dup/vec4;
    %pushi/vec4 2, 0, 4;
    %cmp/u;
    %jmp/1 T_10.2, 6;
    %dup/vec4;
    %pushi/vec4 3, 0, 4;
    %cmp/u;
    %jmp/1 T_10.3, 6;
    %dup/vec4;
    %pushi/vec4 4, 0, 4;
    %cmp/u;
    %jmp/1 T_10.4, 6;
    %dup/vec4;
    %pushi/vec4 5, 0, 4;
    %cmp/u;
    %jmp/1 T_10.5, 6;
    %dup/vec4;
    %pushi/vec4 6, 0, 4;
    %cmp/u;
    %jmp/1 T_10.6, 6;
    %dup/vec4;
    %pushi/vec4 7, 0, 4;
    %cmp/u;
    %jmp/1 T_10.7, 6;
    %pushi/vec4 0, 0, 32;
    %store/vec4 v0xa1b03cf00_0, 0, 32;
    %jmp T_10.9;
T_10.0 ;
    %load/vec4 v0xa1b03cd20_0;
    %load/vec4 v0xa1b03d680_0;
    %add;
    %store/vec4 v0xa1b03cf00_0, 0, 32;
    %jmp T_10.9;
T_10.1 ;
    %load/vec4 v0xa1b03cd20_0;
    %load/vec4 v0xa1b03d680_0;
    %sub;
    %store/vec4 v0xa1b03cf00_0, 0, 32;
    %jmp T_10.9;
T_10.2 ;
    %load/vec4 v0xa1b03cd20_0;
    %load/vec4 v0xa1b03d680_0;
    %and;
    %store/vec4 v0xa1b03cf00_0, 0, 32;
    %jmp T_10.9;
T_10.3 ;
    %load/vec4 v0xa1b03cd20_0;
    %load/vec4 v0xa1b03d680_0;
    %or;
    %store/vec4 v0xa1b03cf00_0, 0, 32;
    %jmp T_10.9;
T_10.4 ;
    %load/vec4 v0xa1b03cd20_0;
    %load/vec4 v0xa1b03d680_0;
    %xor;
    %store/vec4 v0xa1b03cf00_0, 0, 32;
    %jmp T_10.9;
T_10.5 ;
    %load/vec4 v0xa1b03cd20_0;
    %load/vec4 v0xa1b03d680_0;
    %parti/s 5, 0, 2;
    %ix/vec4 4;
    %shiftl 4;
    %store/vec4 v0xa1b03cf00_0, 0, 32;
    %jmp T_10.9;
T_10.6 ;
    %load/vec4 v0xa1b03cd20_0;
    %load/vec4 v0xa1b03d680_0;
    %parti/s 5, 0, 2;
    %ix/vec4 4;
    %shiftr 4;
    %store/vec4 v0xa1b03cf00_0, 0, 32;
    %jmp T_10.9;
T_10.7 ;
    %load/vec4 v0xa1b03cd20_0;
    %load/vec4 v0xa1b03d680_0;
    %cmp/s;
    %flag_mov 8, 5;
    %jmp/0 T_10.10, 8;
    %pushi/vec4 1, 0, 32;
    %jmp/1 T_10.11, 8;
T_10.10 ; End of true expr.
    %pushi/vec4 0, 0, 32;
    %jmp/0 T_10.11, 8;
 ; End of false expr.
    %blend;
T_10.11;
    %store/vec4 v0xa1b03cf00_0, 0, 32;
    %jmp T_10.9;
T_10.9 ;
    %pop/vec4 1;
    %jmp T_10;
    .thread T_10, $push;
    .scope S_0x1033e16e0;
T_11 ;
    %wait E_0xa1ac01740;
    %load/vec4 v0xa1b0d80a0_0;
    %flag_set/vec4 8;
    %jmp/0xz  T_11.0, 8;
    %pushi/vec4 0, 0, 32;
    %assign/vec4 v0xa1b03fa20_0, 0;
    %pushi/vec4 0, 0, 32;
    %assign/vec4 v0xa1b0d81e0_0, 0;
    %pushi/vec4 0, 0, 5;
    %assign/vec4 v0xa1b0d8000_0, 0;
    %pushi/vec4 0, 0, 32;
    %assign/vec4 v0xa1b03fca0_0, 0;
    %pushi/vec4 0, 0, 1;
    %assign/vec4 v0xa1b03fb60_0, 0;
    %pushi/vec4 0, 0, 32;
    %assign/vec4 v0xa1b03fe80_0, 0;
    %pushi/vec4 0, 0, 1;
    %assign/vec4 v0xa1b03f8e0_0, 0;
    %pushi/vec4 0, 0, 1;
    %assign/vec4 v0xa1b03f520_0, 0;
    %pushi/vec4 0, 0, 1;
    %assign/vec4 v0xa1b03f660_0, 0;
    %pushi/vec4 0, 0, 1;
    %assign/vec4 v0xa1b03f7a0_0, 0;
    %pushi/vec4 0, 0, 1;
    %assign/vec4 v0xa1b03f2a0_0, 0;
    %pushi/vec4 0, 0, 1;
    %assign/vec4 v0xa1b03f3e0_0, 0;
    %jmp T_11.1;
T_11.0 ;
    %load/vec4 v0xa1b03f980_0;
    %assign/vec4 v0xa1b03fa20_0, 0;
    %load/vec4 v0xa1b0d8140_0;
    %assign/vec4 v0xa1b0d81e0_0, 0;
    %load/vec4 v0xa1b03ff20_0;
    %assign/vec4 v0xa1b0d8000_0, 0;
    %load/vec4 v0xa1b03fc00_0;
    %assign/vec4 v0xa1b03fca0_0, 0;
    %load/vec4 v0xa1b03fac0_0;
    %assign/vec4 v0xa1b03fb60_0, 0;
    %load/vec4 v0xa1b03fde0_0;
    %assign/vec4 v0xa1b03fe80_0, 0;
    %load/vec4 v0xa1b03f840_0;
    %assign/vec4 v0xa1b03f8e0_0, 0;
    %load/vec4 v0xa1b03f480_0;
    %assign/vec4 v0xa1b03f520_0, 0;
    %load/vec4 v0xa1b03f5c0_0;
    %assign/vec4 v0xa1b03f660_0, 0;
    %load/vec4 v0xa1b03f700_0;
    %assign/vec4 v0xa1b03f7a0_0, 0;
    %load/vec4 v0xa1b03f200_0;
    %assign/vec4 v0xa1b03f2a0_0, 0;
    %load/vec4 v0xa1b03f340_0;
    %assign/vec4 v0xa1b03f3e0_0, 0;
T_11.1 ;
    %jmp T_11;
    .thread T_11;
    .scope S_0xa1acbcd80;
T_12 ;
    %wait E_0xa1ac01ec0;
    %load/vec4 v0xa1b0dd720_0;
    %flag_set/vec4 8;
    %jmp/0xz  T_12.0, 8;
    %load/vec4 v0xa1b0dd900_0;
    %ix/getv 3, v0xa1b0dd540_0;
    %ix/load 4, 0, 0; Constant delay
    %assign/vec4/a/d v0xa1b0dd7c0, 0, 4;
T_12.0 ;
    %jmp T_12;
    .thread T_12;
    .scope S_0xa1acbcd80;
T_13 ;
    %wait E_0xa1ac01e80;
    %load/vec4 v0xa1b0dd680_0;
    %flag_set/vec4 8;
    %jmp/0xz  T_13.0, 8;
    %ix/getv 4, v0xa1b0dd540_0;
    %load/vec4a v0xa1b0dd7c0, 4;
    %store/vec4 v0xa1b0dd860_0, 0, 32;
    %jmp T_13.1;
T_13.0 ;
    %pushi/vec4 0, 0, 32;
    %store/vec4 v0xa1b0dd860_0, 0, 32;
T_13.1 ;
    %jmp T_13;
    .thread T_13, $push;
    .scope S_0xa1acbcf00;
T_14 ;
    %wait E_0xa1ac01740;
    %load/vec4 v0xa1b0de6c0_0;
    %flag_set/vec4 8;
    %jmp/0xz  T_14.0, 8;
    %pushi/vec4 0, 0, 32;
    %assign/vec4 v0xa1b0de620_0, 0;
    %pushi/vec4 0, 0, 32;
    %assign/vec4 v0xa1b0de1c0_0, 0;
    %pushi/vec4 0, 0, 32;
    %assign/vec4 v0xa1b0de3a0_0, 0;
    %pushi/vec4 0, 0, 5;
    %assign/vec4 v0xa1b0de4e0_0, 0;
    %pushi/vec4 0, 0, 1;
    %assign/vec4 v0xa1b0de080_0, 0;
    %pushi/vec4 0, 0, 1;
    %assign/vec4 v0xa1b0ddf40_0, 0;
    %pushi/vec4 0, 0, 1;
    %assign/vec4 v0xa1b0dde00_0, 0;
    %jmp T_14.1;
T_14.0 ;
    %load/vec4 v0xa1b0de580_0;
    %assign/vec4 v0xa1b0de620_0, 0;
    %load/vec4 v0xa1b0de120_0;
    %assign/vec4 v0xa1b0de1c0_0, 0;
    %load/vec4 v0xa1b0de300_0;
    %assign/vec4 v0xa1b0de3a0_0, 0;
    %load/vec4 v0xa1b0de440_0;
    %assign/vec4 v0xa1b0de4e0_0, 0;
    %load/vec4 v0xa1b0ddfe0_0;
    %assign/vec4 v0xa1b0de080_0, 0;
    %load/vec4 v0xa1b0ddea0_0;
    %assign/vec4 v0xa1b0ddf40_0, 0;
    %load/vec4 v0xa1b0ddd60_0;
    %assign/vec4 v0xa1b0dde00_0, 0;
T_14.1 ;
    %jmp T_14;
    .thread T_14;
    .scope S_0x1033ef6e0;
T_15 ;
    %delay 5000, 0;
    %load/vec4 v0xa1b0e5f40_0;
    %inv;
    %store/vec4 v0xa1b0e5f40_0, 0, 1;
    %jmp T_15;
    .thread T_15;
    .scope S_0x1033ef6e0;
T_16 ;
    %pushi/vec4 5243027, 0, 32;
    %ix/load 4, 0, 0;
    %flag_set/imm 4, 0;
    %store/vec4a v0xa1b0dd400, 4, 0;
    %pushi/vec4 1081651, 0, 32;
    %ix/load 4, 1, 0;
    %flag_set/imm 4, 0;
    %store/vec4a v0xa1b0dd400, 4, 0;
    %pushi/vec4 65939, 0, 32;
    %ix/load 4, 2, 0;
    %flag_set/imm 4, 0;
    %store/vec4a v0xa1b0dd400, 4, 0;
    %pushi/vec4 2138147, 0, 32;
    %ix/load 4, 3, 0;
    %flag_set/imm 4, 0;
    %store/vec4a v0xa1b0dd400, 4, 0;
    %pushi/vec4 41475, 0, 32;
    %ix/load 4, 4, 0;
    %flag_set/imm 4, 0;
    %store/vec4a v0xa1b0dd400, 4, 0;
    %pushi/vec4 131731, 0, 32;
    %ix/load 4, 5, 0;
    %flag_set/imm 4, 0;
    %store/vec4a v0xa1b0dd400, 4, 0;
    %pushi/vec4 1082467, 0, 32;
    %ix/load 4, 6, 0;
    %flag_set/imm 4, 0;
    %store/vec4a v0xa1b0dd400, 4, 0;
    %pushi/vec4 89129747, 0, 32;
    %ix/load 4, 7, 0;
    %flag_set/imm 4, 0;
    %store/vec4a v0xa1b0dd400, 4, 0;
    %pushi/vec4 103809939, 0, 32;
    %ix/load 4, 8, 0;
    %flag_set/imm 4, 0;
    %store/vec4a v0xa1b0dd400, 4, 0;
    %vpi_call/w 3 36 "$dumpfile", "pipeline.vcd" {0 0 0};
    %vpi_call/w 3 37 "$dumpvars", 32'sb00000000000000000000000000000000, S_0x1033ef6e0 {0 0 0};
    %pushi/vec4 0, 0, 1;
    %store/vec4 v0xa1b0e5f40_0, 0, 1;
    %pushi/vec4 1, 0, 1;
    %store/vec4 v0xa1b0e5fe0_0, 0, 1;
    %delay 10000, 0;
    %pushi/vec4 0, 0, 1;
    %store/vec4 v0xa1b0e5fe0_0, 0, 1;
    %delay 200000, 0;
    %vpi_call/w 3 47 "$display", "---------------------------------------------" {0 0 0};
    %vpi_call/w 3 48 "$display", "x1 = %0d (expect 5)", &A<v0xa1b0da440, 1> {0 0 0};
    %vpi_call/w 3 49 "$display", "x2 = %0d (expect 10)", &A<v0xa1b0da440, 2> {0 0 0};
    %vpi_call/w 3 50 "$display", "x3 = %0d (expect 10)", &A<v0xa1b0da440, 3> {0 0 0};
    %vpi_call/w 3 51 "$display", "x4 = %0d (expect 10)", &A<v0xa1b0da440, 4> {0 0 0};
    %vpi_call/w 3 52 "$display", "x5 = %0d (expect 10)", &A<v0xa1b0da440, 5> {0 0 0};
    %vpi_call/w 3 53 "$display", "x6 = %0d (expect 0, must be skipped by branch)", &A<v0xa1b0da440, 6> {0 0 0};
    %vpi_call/w 3 54 "$display", "x7 = %0d (expect 99)", &A<v0xa1b0da440, 7> {0 0 0};
    %vpi_call/w 3 55 "$display", "---------------------------------------------" {0 0 0};
    %vpi_call/w 3 57 "$finish" {0 0 0};
    %end;
    .thread T_16;
# The file index is used to find the file name in the following table.
:file_names 24;
    "N/A";
    "<interactive>";
    "-";
    "testbench/cpu_pipeline_tb.v";
    "rtl/cpu_pipeline.v";
    "rtl/ex_stage.v";
    "rtl/alu_control.v";
    "rtl/alu.v";
    "rtl/branch_comparator.v";
    "rtl/ex_mem_register.v";
    "rtl/forwarding_unit.v";
    "rtl/hazard_detection_unit.v";
    "rtl/id_stage.v";
    "rtl/control_unit.v";
    "rtl/immediate_generator.v";
    "rtl/register_file.v";
    "rtl/id_ex_register.v";
    "rtl/if_id_register.v";
    "rtl/instruction_memory.v";
    "rtl/mem_stage.v";
    "rtl/data_memory.v";
    "rtl/mem_wb_register.v";
    "rtl/program_counter.v";
    "rtl/wb_stage.v";
